
> @capstan/sdk@0.1.0 test
> vitest run test/audit-privacy.test.ts


 RUN  v5.0.2 /Users/affan/Projects/capstan--audit/sdk

 × test/audit-privacy.test.ts > redacts configured credentials from activity failures, causes, details, stacks and worker logs 68ms
   → expected '{"message":"dependency echoed audit-w…' not to contain 'audit-worker-api-canary'

⎯⎯⎯⎯⎯⎯⎯ Failed Tests 1 ⎯⎯⎯⎯⎯⎯⎯

 FAIL  test/audit-privacy.test.ts > redacts configured credentials from activity failures, causes, details, stacks and worker logs
AssertionError: expected '{"message":"dependency echoed audit-w…' not to contain 'audit-worker-api-canary'

Expected: "audit-worker-api-canary"
Received: "{"message":"dependency echoed audit-worker-api-canary audit-worker-gate-canary audit-worker-provider-canary postgres://audit:audit-worker-db-canary@127.0.0.1:55432/capstan_audit_unused audit-worker-db-canary","stack":"upstream stack audit-worker-api-canary audit-worker-gate-canary audit-worker-provider-canary postgres://audit:audit-worker-db-canary@127.0.0.1:55432/capstan_audit_unused audit-worker-db-canary","details":{"nested":["audit-worker-api-canary","audit-worker-gate-canary","audit-worker-provider-canary","postgres://audit:audit-worker-db-canary@127.0.0.1:55432/capstan_audit_unused","audit-worker-db-canary"]},"cause":"audit-worker-provider-canary","logs":[{"level":"warn","message":"task poll failed","kind":"workflow","error":"[unavailable] upstream echoed audit-worker-api-canary audit-worker-gate-canary audit-worker-provider-canary postgres://audit:audit-worker-db-canary@127.0.0.1:55432/capstan_audit_unused audit-worker-db-canary"}]}"

 ❯ test/audit-privacy.test.ts:48:54
     46|   const failure = server.requests<FailActivityTaskRequest>("FailActivi…
     47|   const recorded = JSON.stringify({ message: failure.message, stack: f…
     48|   for (const secret of secrets) expect(recorded).not.toContain(secret);
       |                                                      ^
     49|   expect(failure).toMatchObject({ type: "DependencyFailure", nonRetrya…
     50|   expect(decode(failure.details)).toEqual({ nested: secrets.map(() => …

⎯⎯⎯⎯⎯⎯⎯⎯⎯⎯⎯⎯⎯⎯⎯⎯⎯⎯⎯⎯⎯⎯⎯⎯[1/1]⎯


 Test Files  1 failed (1)
      Tests  1 failed (1)
   Start at  13:49:12
   Duration  234ms (import 36%, tests 36%, transform 28%, worker 1%)

