M001 001-timer-retained.patch: compile exit 0
M002 002-inbox-before-commands.patch: compile exit 0
M003 003-started-token-check.patch: compile exit 0
M004 004-retry-attempt.patch: compile exit 0
M005 005-closed-inbox.patch: compile exit 0
M006 006-drop-inflight-signal.patch: compile exit 0
M007 007-failed-inflight.patch: compile exit 0
M008 008-last-event-off-by-one.patch: compile exit 0
M009 009-heartbeat-deadline.patch: compile exit 0
M010 010-retry-past-deadline.patch: compile exit 0
M011 011-cancel-unstarted-task.patch: compile exit 0
M012 012-continuation-input.patch: compile exit 0
M013 013-approval-twice.patch: compile exit 0
M014 014-split-timer-transaction.patch: compile exit 0
M015 015-claim-active-lease.patch: compile exit 0
M016 016-expired-workflow-completion.patch: compile exit 0
M017 017-expired-activity-completion.patch: compile exit 0
M018 018-rollback-task-alias.patch: compile exit 0
M019 019-inbox-reversed.patch: compile exit 0
M020 020-timer-early.patch: compile exit 0
M021 021-timer-reference.patch: compile exit 0
M022 022-idempotency-run-collision.patch: compile exit 0
M023 023-gate-late-decision.patch: compile exit 0
M024 024-gate-pending-approved.patch: compile exit 0
M025 025-gate-error-denied.patch: compile exit 0
M026 026-cross-run-tasks.patch: compile exit 0
26 patches compiled; scratch restored
