M003 0 ok  	github.com/Aly700/capstan/internal/lab	0.187s
M005 1 --- FAIL: TestProtocolProbes (0.00s)
    --- FAIL: TestProtocolProbes/closed-inbox (0.00s)
        probes_test.go:12: protocol closed-inbox: closed run retains 1 buffered events
FAIL
FAIL	github.com/Aly700/capstan/internal/lab	0.187s
FAIL
M007 1 --- FAIL: TestProtocolProbes (0.00s)
    --- FAIL: TestProtocolProbes/failed-workflow-release (0.00s)
        probes_test.go:12: protocol failed-workflow-release: failed workflow task still owns InFlight
FAIL
FAIL	github.com/Aly700/capstan/internal/lab	0.188s
FAIL
M009 1 --- FAIL: TestProtocolProbes (0.00s)
    --- FAIL: TestProtocolProbes/heartbeat-renewal (0.00s)
        probes_test.go:12: protocol heartbeat-renewal: renewed heartbeat task expired early: processed 1
FAIL
FAIL	github.com/Aly700/capstan/internal/lab	0.187s
FAIL
M010 1 --- FAIL: TestProtocolProbes (0.00s)
    --- FAIL: TestProtocolProbes/retry-deadline (0.00s)
        probes_test.go:12: protocol retry-deadline: activity retry remains queued beyond schedule-to-close: attempt 2
FAIL
FAIL	github.com/Aly700/capstan/internal/lab	0.191s
FAIL
M011 1 --- FAIL: TestProtocolProbes (0.00s)
    --- FAIL: TestProtocolProbes/cancel-before-start (0.00s)
        probes_test.go:12: protocol cancel-before-start: cancelled unstarted activity was delivered
FAIL
FAIL	github.com/Aly700/capstan/internal/lab	0.185s
FAIL
M013 1 --- FAIL: TestProtocolProbes (0.00s)
    --- FAIL: TestProtocolProbes/approval-once (0.00s)
        probes_test.go:12: protocol approval-once: duplicate approval resolution must be rejected: <nil>
FAIL
FAIL	github.com/Aly700/capstan/internal/lab	0.183s
FAIL
M019 1 --- FAIL: TestProtocolProbes (0.00s)
    --- FAIL: TestProtocolProbes/signal-order (0.00s)
        probes_test.go:12: protocol signal-order: accepted signal order[0] = "third"
FAIL
FAIL	github.com/Aly700/capstan/internal/lab	0.179s
FAIL
