Measured source SHA: 904cb6c41da4f57ac0399d1524989288e3ededb1
Checkout SHA: 904cb6c41da4f57ac0399d1524989288e3ededb1
Command: ["go", "test", "-overlay", "/Users/affan/Projects/capstan--final/.lane/final-scripts/pg-overlay.json", "-count=1", "./internal/lab", "-run", "^TestPostgresCampaign$", "-lab.pg-seeds", "500", "-timeout", "11m", "-v"]
=== RUN   TestPostgresCampaign
    pg_test.go:45: {"seed":0,"steps":119,"duplicate_acks":15,"database_errors":1,"server_crashes":0}
    pg_test.go:45: {"seed":1,"steps":86,"duplicate_acks":14,"database_errors":0,"server_crashes":1}
    pg_test.go:45: {"seed":2,"steps":117,"duplicate_acks":15,"database_errors":1,"server_crashes":0}
    pg_test.go:45: {"seed":3,"steps":86,"duplicate_acks":16,"database_errors":0,"server_crashes":1}
    pg_test.go:45: {"seed":4,"steps":92,"duplicate_acks":15,"database_errors":1,"server_crashes":0}
    pg_test.go:45: {"seed":5,"steps":78,"duplicate_acks":15,"database_errors":0,"server_crashes":1}
    pg_test.go:45: {"seed":6,"steps":73,"duplicate_acks":15,"database_errors":1,"server_crashes":0}
    pg_test.go:45: {"seed":7,"steps":100,"duplicate_acks":14,"database_errors":0,"server_crashes":1}
    pg_test.go:45: {"seed":8,"steps":136,"duplicate_acks":15,"database_errors":1,"server_crashes":0}
    pg_test.go:45: {"seed":9,"steps":88,"duplicate_acks":15,"database_errors":0,"server_crashes":1}
    pg_test.go:45: {"seed":10,"steps":99,"duplicate_acks":14,"database_errors":1,"server_crashes":0}
    pg_test.go:45: {"seed":11,"steps":112,"duplicate_acks":16,"database_errors":0,"server_crashes":1}
    pg_test.go:45: {"seed":12,"steps":118,"duplicate_acks":15,"database_errors":1,"server_crashes":0}
    pg_test.go:45: {"seed":13,"steps":119,"duplicate_acks":16,"database_errors":0,"server_crashes":1}
    pg_test.go:45: {"seed":14,"steps":88,"duplicate_acks":15,"database_errors":1,"server_crashes":0}
    pg_test.go:45: {"seed":15,"steps":116,"duplicate_acks":16,"database_errors":0,"server_crashes":1}
    pg_test.go:45: {"seed":16,"steps":77,"duplicate_acks":14,"database_errors":1,"server_crashes":0}
    pg_test.go:45: {"seed":17,"steps":115,"duplicate_acks":16,"database_errors":0,"server_crashes":1}
    pg_test.go:45: {"seed":18,"steps":119,"duplicate_acks":14,"database_errors":1,"server_crashes":0}
    pg_test.go:45: {"seed":19,"steps":109,"duplicate_acks":15,"database_errors":0,"server_crashes":1}
    pg_test.go:45: {"seed":20,"steps":129,"duplicate_acks":15,"database_errors":1,"server_crashes":0}
    pg_test.go:45: {"seed":21,"steps":118,"duplicate_acks":15,"database_errors":0,"server_crashes":1}
    pg_test.go:45: {"seed":22,"steps":130,"duplicate_acks":15,"database_errors":1,"server_crashes":0}
    pg_test.go:45: {"seed":23,"steps":107,"duplicate_acks":15,"database_errors":0,"server_crashes":1}
    pg_test.go:45: {"seed":24,"steps":101,"duplicate_acks":15,"database_errors":1,"server_crashes":0}
    pg_test.go:45: {"seed":25,"steps":85,"duplicate_acks":14,"database_errors":0,"server_crashes":1}
    pg_test.go:45: {"seed":26,"steps":112,"duplicate_acks":15,"database_errors":1,"server_crashes":0}
    pg_test.go:45: {"seed":27,"steps":97,"duplicate_acks":14,"database_errors":0,"server_crashes":1}
    pg_test.go:45: {"seed":28,"steps":111,"duplicate_acks":15,"database_errors":1,"server_crashes":0}
    pg_test.go:45: {"seed":29,"steps":97,"duplicate_acks":15,"database_errors":0,"server_crashes":1}
    pg_test.go:45: {"seed":30,"steps":103,"duplicate_acks":16,"database_errors":1,"server_crashes":0}
    pg_test.go:45: {"seed":31,"steps":110,"duplicate_acks":15,"database_errors":0,"server_crashes":1}
    pg_test.go:45: {"seed":32,"steps":120,"duplicate_acks":16,"database_errors":1,"server_crashes":0}
    pg_test.go:45: {"seed":33,"steps":97,"duplicate_acks":15,"database_errors":0,"server_crashes":1}
    pg_test.go:45: {"seed":34,"steps":102,"duplicate_acks":14,"database_errors":1,"server_crashes":0}
    pg_test.go:45: {"seed":35,"steps":105,"duplicate_acks":16,"database_errors":0,"server_crashes":1}
    pg_test.go:45: {"seed":36,"steps":77,"duplicate_acks":16,"database_errors":1,"server_crashes":0}
    pg_test.go:45: {"seed":37,"steps":77,"duplicate_acks":14,"database_errors":0,"server_crashes":1}
    pg_test.go:45: {"seed":38,"steps":100,"duplicate_acks":15,"database_errors":1,"server_crashes":0}
    pg_test.go:45: {"seed":39,"steps":90,"duplicate_acks":16,"database_errors":0,"server_crashes":1}
    pg_test.go:45: {"seed":40,"steps":103,"duplicate_acks":15,"database_errors":1,"server_crashes":0}
    pg_test.go:45: {"seed":41,"steps":72,"duplicate_acks":14,"database_errors":0,"server_crashes":1}
    pg_test.go:45: {"seed":42,"steps":105,"duplicate_acks":16,"database_errors":1,"server_crashes":0}
    pg_test.go:45: {"seed":43,"steps":106,"duplicate_acks":15,"database_errors":0,"server_crashes":1}
    pg_test.go:45: {"seed":44,"steps":131,"duplicate_acks":15,"database_errors":1,"server_crashes":0}
    pg_test.go:45: {"seed":45,"steps":156,"duplicate_acks":16,"database_errors":0,"server_crashes":1}
    pg_test.go:45: {"seed":46,"steps":146,"duplicate_acks":15,"database_errors":1,"server_crashes":0}
    pg_test.go:45: {"seed":47,"steps":118,"duplicate_acks":15,"database_errors":0,"server_crashes":1}
    pg_test.go:45: {"seed":48,"steps":82,"duplicate_acks":14,"database_errors":1,"server_crashes":0}
    pg_test.go:45: {"seed":49,"steps":102,"duplicate_acks":15,"database_errors":0,"server_crashes":1}
    pg_test.go:45: {"seed":50,"steps":96,"duplicate_acks":15,"database_errors":1,"server_crashes":0}
    pg_test.go:45: {"seed":51,"steps":90,"duplicate_acks":15,"database_errors":0,"server_crashes":1}
    pg_test.go:45: {"seed":52,"steps":80,"duplicate_acks":14,"database_errors":1,"server_crashes":0}
    pg_test.go:45: {"seed":53,"steps":102,"duplicate_acks":14,"database_errors":0,"server_crashes":1}
    pg_test.go:45: {"seed":54,"steps":106,"duplicate_acks":15,"database_errors":1,"server_crashes":0}
    pg_test.go:45: {"seed":55,"steps":114,"duplicate_acks":16,"database_errors":0,"server_crashes":1}
    pg_test.go:45: {"seed":56,"steps":82,"duplicate_acks":15,"database_errors":1,"server_crashes":0}
    pg_test.go:45: {"seed":57,"steps":104,"duplicate_acks":15,"database_errors":0,"server_crashes":1}
    pg_test.go:45: {"seed":58,"steps":122,"duplicate_acks":14,"database_errors":1,"server_crashes":0}
    pg_test.go:45: {"seed":59,"steps":122,"duplicate_acks":16,"database_errors":0,"server_crashes":1}
    pg_test.go:45: {"seed":60,"steps":89,"duplicate_acks":16,"database_errors":1,"server_crashes":0}
    pg_test.go:45: {"seed":61,"steps":98,"duplicate_acks":16,"database_errors":0,"server_crashes":1}
    pg_test.go:45: {"seed":62,"steps":101,"duplicate_acks":15,"database_errors":1,"server_crashes":0}
    pg_test.go:45: {"seed":63,"steps":125,"duplicate_acks":15,"database_errors":0,"server_crashes":1}
    pg_test.go:45: {"seed":64,"steps":167,"duplicate_acks":16,"database_errors":1,"server_crashes":0}
    pg_test.go:45: {"seed":65,"steps":92,"duplicate_acks":16,"database_errors":0,"server_crashes":1}
    pg_test.go:45: {"seed":66,"steps":85,"duplicate_acks":15,"database_errors":1,"server_crashes":0}
    pg_test.go:45: {"seed":67,"steps":94,"duplicate_acks":15,"database_errors":0,"server_crashes":1}
    pg_test.go:45: {"seed":68,"steps":89,"duplicate_acks":16,"database_errors":1,"server_crashes":0}
    pg_test.go:45: {"seed":69,"steps":152,"duplicate_acks":16,"database_errors":0,"server_crashes":1}
    pg_test.go:45: {"seed":70,"steps":106,"duplicate_acks":15,"database_errors":1,"server_crashes":0}
    pg_test.go:45: {"seed":71,"steps":103,"duplicate_acks":15,"database_errors":0,"server_crashes":1}
    pg_test.go:45: {"seed":72,"steps":71,"duplicate_acks":14,"database_errors":1,"server_crashes":0}
    pg_test.go:45: {"seed":73,"steps":91,"duplicate_acks":14,"database_errors":0,"server_crashes":1}
    pg_test.go:45: {"seed":74,"steps":105,"duplicate_acks":16,"database_errors":1,"server_crashes":0}
    pg_test.go:45: {"seed":75,"steps":101,"duplicate_acks":14,"database_errors":0,"server_crashes":1}
    pg_test.go:45: {"seed":76,"steps":116,"duplicate_acks":16,"database_errors":1,"server_crashes":0}
    pg_test.go:45: {"seed":77,"steps":99,"duplicate_acks":16,"database_errors":0,"server_crashes":1}
    pg_test.go:45: {"seed":78,"steps":90,"duplicate_acks":14,"database_errors":1,"server_crashes":0}
    pg_test.go:45: {"seed":79,"steps":149,"duplicate_acks":16,"database_errors":0,"server_crashes":1}
    pg_test.go:45: {"seed":80,"steps":98,"duplicate_acks":15,"database_errors":1,"server_crashes":0}
    pg_test.go:45: {"seed":81,"steps":102,"duplicate_acks":15,"database_errors":0,"server_crashes":1}
    pg_test.go:45: {"seed":82,"steps":103,"duplicate_acks":16,"database_errors":1,"server_crashes":0}
    pg_test.go:45: {"seed":83,"steps":78,"duplicate_acks":15,"database_errors":0,"server_crashes":1}
    pg_test.go:45: {"seed":84,"steps":101,"duplicate_acks":14,"database_errors":1,"server_crashes":0}
    pg_test.go:45: {"seed":85,"steps":105,"duplicate_acks":15,"database_errors":0,"server_crashes":1}
    pg_test.go:45: {"seed":86,"steps":111,"duplicate_acks":16,"database_errors":1,"server_crashes":0}
    pg_test.go:45: {"seed":87,"steps":83,"duplicate_acks":15,"database_errors":0,"server_crashes":1}
    pg_test.go:45: {"seed":88,"steps":126,"duplicate_acks":16,"database_errors":1,"server_crashes":0}
    pg_test.go:45: {"seed":89,"steps":109,"duplicate_acks":16,"database_errors":0,"server_crashes":1}
    pg_test.go:45: {"seed":90,"steps":130,"duplicate_acks":15,"database_errors":1,"server_crashes":0}
    pg_test.go:45: {"seed":91,"steps":99,"duplicate_acks":15,"database_errors":0,"server_crashes":1}
    pg_test.go:45: {"seed":92,"steps":90,"duplicate_acks":15,"database_errors":1,"server_crashes":0}
    pg_test.go:45: {"seed":93,"steps":104,"duplicate_acks":15,"database_errors":0,"server_crashes":1}
    pg_test.go:45: {"seed":94,"steps":93,"duplicate_acks":14,"database_errors":1,"server_crashes":0}
    pg_test.go:45: {"seed":95,"steps":94,"duplicate_acks":15,"database_errors":0,"server_crashes":1}
    pg_test.go:45: {"seed":96,"steps":134,"duplicate_acks":15,"database_errors":1,"server_crashes":0}
    pg_test.go:45: {"seed":97,"steps":120,"duplicate_acks":16,"database_errors":0,"server_crashes":1}
    pg_test.go:45: {"seed":98,"steps":109,"duplicate_acks":15,"database_errors":1,"server_crashes":0}
    pg_test.go:45: {"seed":99,"steps":71,"duplicate_acks":14,"database_errors":0,"server_crashes":1}
    pg_test.go:45: {"seed":100,"steps":143,"duplicate_acks":16,"database_errors":1,"server_crashes":0}
    pg_test.go:45: {"seed":101,"steps":108,"duplicate_acks":15,"database_errors":0,"server_crashes":1}
    pg_test.go:45: {"seed":102,"steps":76,"duplicate_acks":15,"database_errors":1,"server_crashes":0}
    pg_test.go:45: {"seed":103,"steps":103,"duplicate_acks":16,"database_errors":0,"server_crashes":1}
    pg_test.go:45: {"seed":104,"steps":121,"duplicate_acks":16,"database_errors":1,"server_crashes":0}
    pg_test.go:45: {"seed":105,"steps":109,"duplicate_acks":15,"database_errors":0,"server_crashes":1}
    pg_test.go:45: {"seed":106,"steps":97,"duplicate_acks":15,"database_errors":1,"server_crashes":0}
    pg_test.go:45: {"seed":107,"steps":78,"duplicate_acks":15,"database_errors":0,"server_crashes":1}
    pg_test.go:45: {"seed":108,"steps":111,"duplicate_acks":15,"database_errors":1,"server_crashes":0}
    pg_test.go:45: {"seed":109,"steps":125,"duplicate_acks":15,"database_errors":0,"server_crashes":1}
    pg_test.go:45: {"seed":110,"steps":118,"duplicate_acks":16,"database_errors":1,"server_crashes":0}
    pg_test.go:45: {"seed":111,"steps":113,"duplicate_acks":15,"database_errors":0,"server_crashes":1}
    pg_test.go:45: {"seed":112,"steps":115,"duplicate_acks":15,"database_errors":1,"server_crashes":0}
    pg_test.go:45: {"seed":113,"steps":105,"duplicate_acks":16,"database_errors":0,"server_crashes":1}
    pg_test.go:45: {"seed":114,"steps":109,"duplicate_acks":16,"database_errors":1,"server_crashes":0}
    pg_test.go:45: {"seed":115,"steps":87,"duplicate_acks":15,"database_errors":0,"server_crashes":1}
    pg_test.go:45: {"seed":116,"steps":105,"duplicate_acks":15,"database_errors":1,"server_crashes":0}
    pg_test.go:45: {"seed":117,"steps":105,"duplicate_acks":14,"database_errors":0,"server_crashes":1}
    pg_test.go:45: {"seed":118,"steps":126,"duplicate_acks":16,"database_errors":1,"server_crashes":0}
    pg_test.go:45: {"seed":119,"steps":114,"duplicate_acks":15,"database_errors":0,"server_crashes":1}
    pg_test.go:45: {"seed":120,"steps":99,"duplicate_acks":14,"database_errors":1,"server_crashes":0}
    pg_test.go:45: {"seed":121,"steps":111,"duplicate_acks":15,"database_errors":0,"server_crashes":1}
    pg_test.go:45: {"seed":122,"steps":116,"duplicate_acks":15,"database_errors":1,"server_crashes":0}
    pg_test.go:45: {"seed":123,"steps":96,"duplicate_acks":16,"database_errors":0,"server_crashes":1}
    pg_test.go:45: {"seed":124,"steps":121,"duplicate_acks":15,"database_errors":1,"server_crashes":0}
    pg_test.go:45: {"seed":125,"steps":113,"duplicate_acks":16,"database_errors":0,"server_crashes":1}
    pg_test.go:45: {"seed":126,"steps":153,"duplicate_acks":15,"database_errors":1,"server_crashes":0}
    pg_test.go:45: {"seed":127,"steps":103,"duplicate_acks":16,"database_errors":0,"server_crashes":1}
    pg_test.go:45: {"seed":128,"steps":96,"duplicate_acks":16,"database_errors":1,"server_crashes":0}
    pg_test.go:45: {"seed":129,"steps":131,"duplicate_acks":15,"database_errors":0,"server_crashes":1}
    pg_test.go:45: {"seed":130,"steps":96,"duplicate_acks":15,"database_errors":1,"server_crashes":0}
    pg_test.go:45: {"seed":131,"steps":98,"duplicate_acks":15,"database_errors":0,"server_crashes":1}
    pg_test.go:45: {"seed":132,"steps":85,"duplicate_acks":15,"database_errors":1,"server_crashes":0}
    pg_test.go:45: {"seed":133,"steps":80,"duplicate_acks":15,"database_errors":0,"server_crashes":1}
    pg_test.go:45: {"seed":134,"steps":92,"duplicate_acks":15,"database_errors":1,"server_crashes":0}
    pg_test.go:45: {"seed":135,"steps":69,"duplicate_acks":15,"database_errors":0,"server_crashes":1}
    pg_test.go:45: {"seed":136,"steps":104,"duplicate_acks":15,"database_errors":1,"server_crashes":0}
    pg_test.go:45: {"seed":137,"steps":80,"duplicate_acks":14,"database_errors":0,"server_crashes":1}
    pg_test.go:45: {"seed":138,"steps":126,"duplicate_acks":15,"database_errors":1,"server_crashes":0}
    pg_test.go:45: {"seed":139,"steps":123,"duplicate_acks":14,"database_errors":0,"server_crashes":1}
    pg_test.go:45: {"seed":140,"steps":114,"duplicate_acks":15,"database_errors":1,"server_crashes":0}
    pg_test.go:45: {"seed":141,"steps":111,"duplicate_acks":15,"database_errors":0,"server_crashes":1}
    pg_test.go:45: {"seed":142,"steps":137,"duplicate_acks":16,"database_errors":1,"server_crashes":0}
    pg_test.go:45: {"seed":143,"steps":87,"duplicate_acks":14,"database_errors":0,"server_crashes":1}
    pg_test.go:45: {"seed":144,"steps":114,"duplicate_acks":15,"database_errors":1,"server_crashes":0}
    pg_test.go:45: {"seed":145,"steps":97,"duplicate_acks":15,"database_errors":0,"server_crashes":1}
    pg_test.go:45: {"seed":146,"steps":127,"duplicate_acks":16,"database_errors":1,"server_crashes":0}
    pg_test.go:45: {"seed":147,"steps":113,"duplicate_acks":15,"database_errors":0,"server_crashes":1}
    pg_test.go:45: {"seed":148,"steps":94,"duplicate_acks":14,"database_errors":1,"server_crashes":0}
    pg_test.go:45: {"seed":149,"steps":96,"duplicate_acks":14,"database_errors":0,"server_crashes":1}
    pg_test.go:45: {"seed":150,"steps":131,"duplicate_acks":16,"database_errors":1,"server_crashes":0}
    pg_test.go:45: {"seed":151,"steps":120,"duplicate_acks":15,"database_errors":0,"server_crashes":1}
    pg_test.go:45: {"seed":152,"steps":102,"duplicate_acks":16,"database_errors":1,"server_crashes":0}
    pg_test.go:45: {"seed":153,"steps":125,"duplicate_acks":15,"database_errors":0,"server_crashes":1}
    pg_test.go:45: {"seed":154,"steps":122,"duplicate_acks":14,"database_errors":1,"server_crashes":0}
    pg_test.go:45: {"seed":155,"steps":90,"duplicate_acks":15,"database_errors":0,"server_crashes":1}
    pg_test.go:45: {"seed":156,"steps":102,"duplicate_acks":15,"database_errors":1,"server_crashes":0}
    pg_test.go:45: {"seed":157,"steps":87,"duplicate_acks":14,"database_errors":0,"server_crashes":1}
    pg_test.go:45: {"seed":158,"steps":87,"duplicate_acks":16,"database_errors":1,"server_crashes":0}
    pg_test.go:45: {"seed":159,"steps":119,"duplicate_acks":14,"database_errors":0,"server_crashes":1}
    pg_test.go:45: {"seed":160,"steps":99,"duplicate_acks":16,"database_errors":1,"server_crashes":0}
    pg_test.go:45: {"seed":161,"steps":146,"duplicate_acks":15,"database_errors":0,"server_crashes":1}
    pg_test.go:45: {"seed":162,"steps":90,"duplicate_acks":14,"database_errors":1,"server_crashes":0}
    pg_test.go:45: {"seed":163,"steps":83,"duplicate_acks":14,"database_errors":0,"server_crashes":1}
    pg_test.go:45: {"seed":164,"steps":106,"duplicate_acks":14,"database_errors":1,"server_crashes":0}
    pg_test.go:45: {"seed":165,"steps":74,"duplicate_acks":16,"database_errors":0,"server_crashes":1}
    pg_test.go:45: {"seed":166,"steps":104,"duplicate_acks":16,"database_errors":1,"server_crashes":0}
    pg_test.go:45: {"seed":167,"steps":125,"duplicate_acks":16,"database_errors":0,"server_crashes":1}
    pg_test.go:45: {"seed":168,"steps":117,"duplicate_acks":16,"database_errors":1,"server_crashes":0}
    pg_test.go:45: {"seed":169,"steps":97,"duplicate_acks":15,"database_errors":0,"server_crashes":1}
    pg_test.go:45: {"seed":170,"steps":132,"duplicate_acks":15,"database_errors":1,"server_crashes":0}
    pg_test.go:45: {"seed":171,"steps":105,"duplicate_acks":14,"database_errors":0,"server_crashes":1}
    pg_test.go:45: {"seed":172,"steps":111,"duplicate_acks":16,"database_errors":1,"server_crashes":0}
    pg_test.go:45: {"seed":173,"steps":73,"duplicate_acks":15,"database_errors":0,"server_crashes":1}
    pg_test.go:45: {"seed":174,"steps":126,"duplicate_acks":16,"database_errors":1,"server_crashes":0}
    pg_test.go:45: {"seed":175,"steps":91,"duplicate_acks":14,"database_errors":0,"server_crashes":1}
    pg_test.go:45: {"seed":176,"steps":97,"duplicate_acks":16,"database_errors":1,"server_crashes":0}
    pg_test.go:45: {"seed":177,"steps":141,"duplicate_acks":15,"database_errors":0,"server_crashes":1}
    pg_test.go:45: {"seed":178,"steps":78,"duplicate_acks":15,"database_errors":1,"server_crashes":0}
    pg_test.go:45: {"seed":179,"steps":130,"duplicate_acks":16,"database_errors":0,"server_crashes":1}
    pg_test.go:45: {"seed":180,"steps":81,"duplicate_acks":15,"database_errors":1,"server_crashes":0}
    pg_test.go:45: {"seed":181,"steps":78,"duplicate_acks":15,"database_errors":0,"server_crashes":1}
    pg_test.go:45: {"seed":182,"steps":96,"duplicate_acks":15,"database_errors":1,"server_crashes":0}
    pg_test.go:45: {"seed":183,"steps":91,"duplicate_acks":14,"database_errors":0,"server_crashes":1}
    pg_test.go:45: {"seed":184,"steps":73,"duplicate_acks":15,"database_errors":1,"server_crashes":0}
    pg_test.go:45: {"seed":185,"steps":104,"duplicate_acks":14,"database_errors":0,"server_crashes":1}
    pg_test.go:45: {"seed":186,"steps":98,"duplicate_acks":14,"database_errors":1,"server_crashes":0}
    pg_test.go:45: {"seed":187,"steps":100,"duplicate_acks":15,"database_errors":0,"server_crashes":1}
    pg_test.go:45: {"seed":188,"steps":99,"duplicate_acks":16,"database_errors":1,"server_crashes":0}
    pg_test.go:45: {"seed":189,"steps":105,"duplicate_acks":16,"database_errors":0,"server_crashes":1}
    pg_test.go:45: {"seed":190,"steps":103,"duplicate_acks":15,"database_errors":1,"server_crashes":0}
    pg_test.go:45: {"seed":191,"steps":134,"duplicate_acks":15,"database_errors":0,"server_crashes":1}
    pg_test.go:45: {"seed":192,"steps":145,"duplicate_acks":16,"database_errors":1,"server_crashes":0}
    pg_test.go:45: {"seed":193,"steps":84,"duplicate_acks":14,"database_errors":0,"server_crashes":1}
    pg_test.go:45: {"seed":194,"steps":84,"duplicate_acks":15,"database_errors":1,"server_crashes":0}
    pg_test.go:45: {"seed":195,"steps":92,"duplicate_acks":16,"database_errors":0,"server_crashes":1}
    pg_test.go:45: {"seed":196,"steps":113,"duplicate_acks":16,"database_errors":1,"server_crashes":0}
    pg_test.go:45: {"seed":197,"steps":112,"duplicate_acks":16,"database_errors":0,"server_crashes":1}
    pg_test.go:45: {"seed":198,"steps":97,"duplicate_acks":15,"database_errors":1,"server_crashes":0}
    pg_test.go:45: {"seed":199,"steps":63,"duplicate_acks":15,"database_errors":0,"server_crashes":1}
    pg_test.go:45: {"seed":200,"steps":96,"duplicate_acks":16,"database_errors":1,"server_crashes":0}
    pg_test.go:45: {"seed":201,"steps":85,"duplicate_acks":16,"database_errors":0,"server_crashes":1}
    pg_test.go:45: {"seed":202,"steps":92,"duplicate_acks":15,"database_errors":1,"server_crashes":0}
    pg_test.go:45: {"seed":203,"steps":120,"duplicate_acks":16,"database_errors":0,"server_crashes":1}
    pg_test.go:45: {"seed":204,"steps":99,"duplicate_acks":16,"database_errors":1,"server_crashes":0}
    pg_test.go:45: {"seed":205,"steps":168,"duplicate_acks":15,"database_errors":0,"server_crashes":1}
    pg_test.go:45: {"seed":206,"steps":166,"duplicate_acks":15,"database_errors":1,"server_crashes":0}
    pg_test.go:45: {"seed":207,"steps":80,"duplicate_acks":15,"database_errors":0,"server_crashes":1}
    pg_test.go:45: {"seed":208,"steps":89,"duplicate_acks":15,"database_errors":1,"server_crashes":0}
    pg_test.go:45: {"seed":209,"steps":127,"duplicate_acks":14,"database_errors":0,"server_crashes":1}
    pg_test.go:45: {"seed":210,"steps":121,"duplicate_acks":16,"database_errors":1,"server_crashes":0}
    pg_test.go:45: {"seed":211,"steps":120,"duplicate_acks":16,"database_errors":0,"server_crashes":1}
    pg_test.go:45: {"seed":212,"steps":131,"duplicate_acks":16,"database_errors":1,"server_crashes":0}
    pg_test.go:45: {"seed":213,"steps":117,"duplicate_acks":14,"database_errors":0,"server_crashes":1}
    pg_test.go:45: {"seed":214,"steps":98,"duplicate_acks":14,"database_errors":1,"server_crashes":0}
    pg_test.go:45: {"seed":215,"steps":90,"duplicate_acks":15,"database_errors":0,"server_crashes":1}
    pg_test.go:45: {"seed":216,"steps":102,"duplicate_acks":16,"database_errors":1,"server_crashes":0}
    pg_test.go:45: {"seed":217,"steps":101,"duplicate_acks":15,"database_errors":0,"server_crashes":1}
    pg_test.go:45: {"seed":218,"steps":80,"duplicate_acks":15,"database_errors":1,"server_crashes":0}
    pg_test.go:45: {"seed":219,"steps":84,"duplicate_acks":15,"database_errors":0,"server_crashes":1}
    pg_test.go:45: {"seed":220,"steps":125,"duplicate_acks":16,"database_errors":1,"server_crashes":0}
    pg_test.go:45: {"seed":221,"steps":115,"duplicate_acks":15,"database_errors":0,"server_crashes":1}
    pg_test.go:45: {"seed":222,"steps":118,"duplicate_acks":14,"database_errors":1,"server_crashes":0}
    pg_test.go:45: {"seed":223,"steps":159,"duplicate_acks":15,"database_errors":0,"server_crashes":1}
    pg_test.go:45: {"seed":224,"steps":156,"duplicate_acks":15,"database_errors":1,"server_crashes":0}
    pg_test.go:45: {"seed":225,"steps":117,"duplicate_acks":15,"database_errors":0,"server_crashes":1}
    pg_test.go:45: {"seed":226,"steps":87,"duplicate_acks":15,"database_errors":1,"server_crashes":0}
    pg_test.go:45: {"seed":227,"steps":90,"duplicate_acks":15,"database_errors":0,"server_crashes":1}
    pg_test.go:45: {"seed":228,"steps":101,"duplicate_acks":16,"database_errors":1,"server_crashes":0}
    pg_test.go:45: {"seed":229,"steps":95,"duplicate_acks":16,"database_errors":0,"server_crashes":1}
    pg_test.go:45: {"seed":230,"steps":137,"duplicate_acks":16,"database_errors":1,"server_crashes":0}
    pg_test.go:45: {"seed":231,"steps":103,"duplicate_acks":15,"database_errors":0,"server_crashes":1}
    pg_test.go:45: {"seed":232,"steps":122,"duplicate_acks":15,"database_errors":1,"server_crashes":0}
    pg_test.go:45: {"seed":233,"steps":95,"duplicate_acks":15,"database_errors":0,"server_crashes":1}
    pg_test.go:45: {"seed":234,"steps":153,"duplicate_acks":15,"database_errors":1,"server_crashes":0}
    pg_test.go:45: {"seed":235,"steps":90,"duplicate_acks":16,"database_errors":0,"server_crashes":1}
    pg_test.go:45: {"seed":236,"steps":136,"duplicate_acks":15,"database_errors":1,"server_crashes":0}
    pg_test.go:45: {"seed":237,"steps":109,"duplicate_acks":14,"database_errors":0,"server_crashes":1}
    pg_test.go:45: {"seed":238,"steps":85,"duplicate_acks":15,"database_errors":1,"server_crashes":0}
    pg_test.go:45: {"seed":239,"steps":97,"duplicate_acks":15,"database_errors":0,"server_crashes":1}
    pg_test.go:45: {"seed":240,"steps":87,"duplicate_acks":16,"database_errors":1,"server_crashes":0}
    pg_test.go:45: {"seed":241,"steps":85,"duplicate_acks":16,"database_errors":0,"server_crashes":1}
    pg_test.go:45: {"seed":242,"steps":109,"duplicate_acks":15,"database_errors":1,"server_crashes":0}
    pg_test.go:45: {"seed":243,"steps":130,"duplicate_acks":15,"database_errors":0,"server_crashes":1}
    pg_test.go:45: {"seed":244,"steps":110,"duplicate_acks":14,"database_errors":1,"server_crashes":0}
    pg_test.go:45: {"seed":245,"steps":99,"duplicate_acks":16,"database_errors":0,"server_crashes":1}
    pg_test.go:45: {"seed":246,"steps":127,"duplicate_acks":16,"database_errors":1,"server_crashes":0}
    pg_test.go:45: {"seed":247,"steps":142,"duplicate_acks":16,"database_errors":0,"server_crashes":1}
    pg_test.go:45: {"seed":248,"steps":92,"duplicate_acks":15,"database_errors":1,"server_crashes":0}
    pg_test.go:45: {"seed":249,"steps":102,"duplicate_acks":15,"database_errors":0,"server_crashes":1}
    pg_test.go:45: {"seed":250,"steps":115,"duplicate_acks":16,"database_errors":1,"server_crashes":0}
    pg_test.go:45: {"seed":251,"steps":134,"duplicate_acks":16,"database_errors":0,"server_crashes":1}
    pg_test.go:45: {"seed":252,"steps":113,"duplicate_acks":16,"database_errors":1,"server_crashes":0}
    pg_test.go:45: {"seed":253,"steps":103,"duplicate_acks":16,"database_errors":0,"server_crashes":1}
    pg_test.go:45: {"seed":254,"steps":152,"duplicate_acks":16,"database_errors":1,"server_crashes":0}
    pg_test.go:45: {"seed":255,"steps":117,"duplicate_acks":16,"database_errors":0,"server_crashes":1}
    pg_test.go:45: {"seed":256,"steps":125,"duplicate_acks":16,"database_errors":1,"server_crashes":0}
    pg_test.go:45: {"seed":257,"steps":114,"duplicate_acks":16,"database_errors":0,"server_crashes":1}
    pg_test.go:45: {"seed":258,"steps":118,"duplicate_acks":16,"database_errors":1,"server_crashes":0}
    pg_test.go:45: {"seed":259,"steps":97,"duplicate_acks":16,"database_errors":0,"server_crashes":1}
    pg_test.go:45: {"seed":260,"steps":77,"duplicate_acks":15,"database_errors":1,"server_crashes":0}
    pg_test.go:45: {"seed":261,"steps":89,"duplicate_acks":15,"database_errors":0,"server_crashes":1}
    pg_test.go:45: {"seed":262,"steps":126,"duplicate_acks":15,"database_errors":1,"server_crashes":0}
    pg_test.go:45: {"seed":263,"steps":130,"duplicate_acks":16,"database_errors":0,"server_crashes":1}
    pg_test.go:45: {"seed":264,"steps":148,"duplicate_acks":16,"database_errors":1,"server_crashes":0}
    pg_test.go:45: {"seed":265,"steps":94,"duplicate_acks":15,"database_errors":0,"server_crashes":1}
    pg_test.go:45: {"seed":266,"steps":91,"duplicate_acks":15,"database_errors":1,"server_crashes":0}
    pg_test.go:45: {"seed":267,"steps":141,"duplicate_acks":16,"database_errors":0,"server_crashes":1}
    pg_test.go:45: {"seed":268,"steps":98,"duplicate_acks":14,"database_errors":1,"server_crashes":0}
    pg_test.go:45: {"seed":269,"steps":124,"duplicate_acks":14,"database_errors":0,"server_crashes":1}
    pg_test.go:45: {"seed":270,"steps":116,"duplicate_acks":16,"database_errors":1,"server_crashes":0}
    pg_test.go:45: {"seed":271,"steps":140,"duplicate_acks":16,"database_errors":0,"server_crashes":1}
    pg_test.go:45: {"seed":272,"steps":84,"duplicate_acks":14,"database_errors":1,"server_crashes":0}
    pg_test.go:45: {"seed":273,"steps":72,"duplicate_acks":14,"database_errors":0,"server_crashes":1}
    pg_test.go:45: {"seed":274,"steps":116,"duplicate_acks":15,"database_errors":1,"server_crashes":0}
    pg_test.go:45: {"seed":275,"steps":109,"duplicate_acks":16,"database_errors":0,"server_crashes":1}
    pg_test.go:45: {"seed":276,"steps":89,"duplicate_acks":16,"database_errors":1,"server_crashes":0}
    pg_test.go:45: {"seed":277,"steps":178,"duplicate_acks":15,"database_errors":0,"server_crashes":1}
    pg_test.go:45: {"seed":278,"steps":116,"duplicate_acks":14,"database_errors":1,"server_crashes":0}
    pg_test.go:45: {"seed":279,"steps":112,"duplicate_acks":15,"database_errors":0,"server_crashes":1}
    pg_test.go:45: {"seed":280,"steps":87,"duplicate_acks":14,"database_errors":1,"server_crashes":0}
    pg_test.go:45: {"seed":281,"steps":95,"duplicate_acks":15,"database_errors":0,"server_crashes":1}
    pg_test.go:45: {"seed":282,"steps":124,"duplicate_acks":14,"database_errors":1,"server_crashes":0}
    pg_test.go:45: {"seed":283,"steps":88,"duplicate_acks":14,"database_errors":0,"server_crashes":1}
    pg_test.go:45: {"seed":284,"steps":121,"duplicate_acks":15,"database_errors":1,"server_crashes":0}
    pg_test.go:45: {"seed":285,"steps":120,"duplicate_acks":16,"database_errors":0,"server_crashes":1}
    pg_test.go:45: {"seed":286,"steps":111,"duplicate_acks":15,"database_errors":1,"server_crashes":0}
    pg_test.go:45: {"seed":287,"steps":109,"duplicate_acks":15,"database_errors":0,"server_crashes":1}
    pg_test.go:45: {"seed":288,"steps":76,"duplicate_acks":15,"database_errors":1,"server_crashes":0}
    pg_test.go:45: {"seed":289,"steps":106,"duplicate_acks":16,"database_errors":0,"server_crashes":1}
    pg_test.go:45: {"seed":290,"steps":118,"duplicate_acks":16,"database_errors":1,"server_crashes":0}
    pg_test.go:45: {"seed":291,"steps":100,"duplicate_acks":16,"database_errors":0,"server_crashes":1}
    pg_test.go:45: {"seed":292,"steps":147,"duplicate_acks":16,"database_errors":1,"server_crashes":0}
    pg_test.go:45: {"seed":293,"steps":122,"duplicate_acks":16,"database_errors":0,"server_crashes":1}
    pg_test.go:45: {"seed":294,"steps":123,"duplicate_acks":14,"database_errors":1,"server_crashes":0}
    pg_test.go:45: {"seed":295,"steps":118,"duplicate_acks":15,"database_errors":0,"server_crashes":1}
    pg_test.go:45: {"seed":296,"steps":90,"duplicate_acks":16,"database_errors":1,"server_crashes":0}
    pg_test.go:45: {"seed":297,"steps":104,"duplicate_acks":16,"database_errors":0,"server_crashes":1}
    pg_test.go:45: {"seed":298,"steps":73,"duplicate_acks":14,"database_errors":1,"server_crashes":0}
    pg_test.go:45: {"seed":299,"steps":132,"duplicate_acks":16,"database_errors":0,"server_crashes":1}
    pg_test.go:45: {"seed":300,"steps":94,"duplicate_acks":15,"database_errors":1,"server_crashes":0}
    pg_test.go:45: {"seed":301,"steps":113,"duplicate_acks":15,"database_errors":0,"server_crashes":1}
    pg_test.go:45: {"seed":302,"steps":109,"duplicate_acks":15,"database_errors":1,"server_crashes":0}
    pg_test.go:45: {"seed":303,"steps":67,"duplicate_acks":15,"database_errors":0,"server_crashes":1}
    pg_test.go:45: {"seed":304,"steps":86,"duplicate_acks":14,"database_errors":1,"server_crashes":0}
    pg_test.go:45: {"seed":305,"steps":99,"duplicate_acks":16,"database_errors":0,"server_crashes":1}
    pg_test.go:45: {"seed":306,"steps":73,"duplicate_acks":15,"database_errors":1,"server_crashes":0}
    pg_test.go:45: {"seed":307,"steps":124,"duplicate_acks":15,"database_errors":0,"server_crashes":1}
    pg_test.go:45: {"seed":308,"steps":121,"duplicate_acks":14,"database_errors":1,"server_crashes":0}
    pg_test.go:45: {"seed":309,"steps":120,"duplicate_acks":16,"database_errors":0,"server_crashes":1}
    pg_test.go:45: {"seed":310,"steps":133,"duplicate_acks":16,"database_errors":1,"server_crashes":0}
    pg_test.go:45: {"seed":311,"steps":106,"duplicate_acks":16,"database_errors":0,"server_crashes":1}
    pg_test.go:45: {"seed":312,"steps":101,"duplicate_acks":15,"database_errors":1,"server_crashes":0}
    pg_test.go:45: {"seed":313,"steps":82,"duplicate_acks":15,"database_errors":0,"server_crashes":1}
    pg_test.go:45: {"seed":314,"steps":112,"duplicate_acks":15,"database_errors":1,"server_crashes":0}
    pg_test.go:45: {"seed":315,"steps":122,"duplicate_acks":16,"database_errors":0,"server_crashes":1}
    pg_test.go:45: {"seed":316,"steps":92,"duplicate_acks":15,"database_errors":1,"server_crashes":0}
    pg_test.go:45: {"seed":317,"steps":107,"duplicate_acks":14,"database_errors":0,"server_crashes":1}
    pg_test.go:45: {"seed":318,"steps":101,"duplicate_acks":15,"database_errors":1,"server_crashes":0}
    pg_test.go:45: {"seed":319,"steps":120,"duplicate_acks":15,"database_errors":0,"server_crashes":1}
    pg_test.go:45: {"seed":320,"steps":118,"duplicate_acks":15,"database_errors":1,"server_crashes":0}
    pg_test.go:45: {"seed":321,"steps":92,"duplicate_acks":15,"database_errors":0,"server_crashes":1}
    pg_test.go:45: {"seed":322,"steps":77,"duplicate_acks":15,"database_errors":1,"server_crashes":0}
    pg_test.go:45: {"seed":323,"steps":135,"duplicate_acks":16,"database_errors":0,"server_crashes":1}
    pg_test.go:45: {"seed":324,"steps":156,"duplicate_acks":15,"database_errors":1,"server_crashes":0}
    pg_test.go:45: {"seed":325,"steps":162,"duplicate_acks":15,"database_errors":0,"server_crashes":1}
    pg_test.go:45: {"seed":326,"steps":96,"duplicate_acks":16,"database_errors":1,"server_crashes":0}
    pg_test.go:45: {"seed":327,"steps":120,"duplicate_acks":16,"database_errors":0,"server_crashes":1}
    pg_test.go:45: {"seed":328,"steps":145,"duplicate_acks":16,"database_errors":1,"server_crashes":0}
    pg_test.go:45: {"seed":329,"steps":140,"duplicate_acks":16,"database_errors":0,"server_crashes":1}
    pg_test.go:45: {"seed":330,"steps":123,"duplicate_acks":14,"database_errors":1,"server_crashes":0}
    pg_test.go:45: {"seed":331,"steps":133,"duplicate_acks":16,"database_errors":0,"server_crashes":1}
    pg_test.go:45: {"seed":332,"steps":124,"duplicate_acks":15,"database_errors":1,"server_crashes":0}
    pg_test.go:45: {"seed":333,"steps":107,"duplicate_acks":15,"database_errors":0,"server_crashes":1}
    pg_test.go:45: {"seed":334,"steps":125,"duplicate_acks":16,"database_errors":1,"server_crashes":0}
    pg_test.go:45: {"seed":335,"steps":101,"duplicate_acks":15,"database_errors":0,"server_crashes":1}
    pg_test.go:45: {"seed":336,"steps":88,"duplicate_acks":15,"database_errors":1,"server_crashes":0}
    pg_test.go:45: {"seed":337,"steps":94,"duplicate_acks":15,"database_errors":0,"server_crashes":1}
    pg_test.go:45: {"seed":338,"steps":91,"duplicate_acks":15,"database_errors":1,"server_crashes":0}
    pg_test.go:45: {"seed":339,"steps":106,"duplicate_acks":15,"database_errors":0,"server_crashes":1}
    pg_test.go:45: {"seed":340,"steps":134,"duplicate_acks":15,"database_errors":1,"server_crashes":0}
    pg_test.go:45: {"seed":341,"steps":93,"duplicate_acks":16,"database_errors":0,"server_crashes":1}
    pg_test.go:45: {"seed":342,"steps":128,"duplicate_acks":15,"database_errors":1,"server_crashes":0}
    pg_test.go:45: {"seed":343,"steps":102,"duplicate_acks":15,"database_errors":0,"server_crashes":1}
    pg_test.go:45: {"seed":344,"steps":152,"duplicate_acks":15,"database_errors":1,"server_crashes":0}
    pg_test.go:45: {"seed":345,"steps":93,"duplicate_acks":15,"database_errors":0,"server_crashes":1}
    pg_test.go:45: {"seed":346,"steps":141,"duplicate_acks":15,"database_errors":1,"server_crashes":0}
    pg_test.go:45: {"seed":347,"steps":128,"duplicate_acks":15,"database_errors":0,"server_crashes":1}
    pg_test.go:45: {"seed":348,"steps":108,"duplicate_acks":15,"database_errors":1,"server_crashes":0}
    pg_test.go:45: {"seed":349,"steps":113,"duplicate_acks":14,"database_errors":0,"server_crashes":1}
    pg_test.go:45: {"seed":350,"steps":113,"duplicate_acks":15,"database_errors":1,"server_crashes":0}
    pg_test.go:45: {"seed":351,"steps":97,"duplicate_acks":16,"database_errors":0,"server_crashes":1}
    pg_test.go:45: {"seed":352,"steps":141,"duplicate_acks":15,"database_errors":1,"server_crashes":0}
    pg_test.go:45: {"seed":353,"steps":92,"duplicate_acks":16,"database_errors":0,"server_crashes":1}
    pg_test.go:45: {"seed":354,"steps":67,"duplicate_acks":15,"database_errors":1,"server_crashes":0}
    pg_test.go:45: {"seed":355,"steps":110,"duplicate_acks":15,"database_errors":0,"server_crashes":1}
    pg_test.go:45: {"seed":356,"steps":104,"duplicate_acks":15,"database_errors":1,"server_crashes":0}
    pg_test.go:45: {"seed":357,"steps":86,"duplicate_acks":16,"database_errors":0,"server_crashes":1}
    pg_test.go:45: {"seed":358,"steps":142,"duplicate_acks":16,"database_errors":1,"server_crashes":0}
    pg_test.go:45: {"seed":359,"steps":106,"duplicate_acks":16,"database_errors":0,"server_crashes":1}
    pg_test.go:45: {"seed":360,"steps":135,"duplicate_acks":15,"database_errors":1,"server_crashes":0}
    pg_test.go:45: {"seed":361,"steps":119,"duplicate_acks":16,"database_errors":0,"server_crashes":1}
    pg_test.go:45: {"seed":362,"steps":114,"duplicate_acks":16,"database_errors":1,"server_crashes":0}
    pg_test.go:45: {"seed":363,"steps":72,"duplicate_acks":14,"database_errors":0,"server_crashes":1}
    pg_test.go:45: {"seed":364,"steps":123,"duplicate_acks":16,"database_errors":1,"server_crashes":0}
    pg_test.go:45: {"seed":365,"steps":99,"duplicate_acks":16,"database_errors":0,"server_crashes":1}
    pg_test.go:45: {"seed":366,"steps":119,"duplicate_acks":14,"database_errors":1,"server_crashes":0}
    pg_test.go:45: {"seed":367,"steps":103,"duplicate_acks":16,"database_errors":0,"server_crashes":1}
    pg_test.go:45: {"seed":368,"steps":110,"duplicate_acks":14,"database_errors":1,"server_crashes":0}
    pg_test.go:45: {"seed":369,"steps":89,"duplicate_acks":15,"database_errors":0,"server_crashes":1}
    pg_test.go:45: {"seed":370,"steps":110,"duplicate_acks":14,"database_errors":1,"server_crashes":0}
    pg_test.go:45: {"seed":371,"steps":81,"duplicate_acks":15,"database_errors":0,"server_crashes":1}
    pg_test.go:45: {"seed":372,"steps":85,"duplicate_acks":15,"database_errors":1,"server_crashes":0}
    pg_test.go:45: {"seed":373,"steps":111,"duplicate_acks":15,"database_errors":0,"server_crashes":1}
    pg_test.go:45: {"seed":374,"steps":92,"duplicate_acks":16,"database_errors":1,"server_crashes":0}
    pg_test.go:45: {"seed":375,"steps":118,"duplicate_acks":15,"database_errors":0,"server_crashes":1}
    pg_test.go:45: {"seed":376,"steps":81,"duplicate_acks":15,"database_errors":1,"server_crashes":0}
    pg_test.go:45: {"seed":377,"steps":103,"duplicate_acks":16,"database_errors":0,"server_crashes":1}
    pg_test.go:45: {"seed":378,"steps":114,"duplicate_acks":16,"database_errors":1,"server_crashes":0}
    pg_test.go:45: {"seed":379,"steps":99,"duplicate_acks":16,"database_errors":0,"server_crashes":1}
    pg_test.go:45: {"seed":380,"steps":124,"duplicate_acks":15,"database_errors":1,"server_crashes":0}
    pg_test.go:45: {"seed":381,"steps":128,"duplicate_acks":15,"database_errors":0,"server_crashes":1}
    pg_test.go:45: {"seed":382,"steps":103,"duplicate_acks":16,"database_errors":1,"server_crashes":0}
    pg_test.go:45: {"seed":383,"steps":90,"duplicate_acks":15,"database_errors":0,"server_crashes":1}
    pg_test.go:45: {"seed":384,"steps":103,"duplicate_acks":16,"database_errors":1,"server_crashes":0}
    pg_test.go:45: {"seed":385,"steps":151,"duplicate_acks":16,"database_errors":0,"server_crashes":1}
    pg_test.go:45: {"seed":386,"steps":91,"duplicate_acks":16,"database_errors":1,"server_crashes":0}
    pg_test.go:45: {"seed":387,"steps":113,"duplicate_acks":16,"database_errors":0,"server_crashes":1}
    pg_test.go:45: {"seed":388,"steps":106,"duplicate_acks":14,"database_errors":1,"server_crashes":0}
    pg_test.go:45: {"seed":389,"steps":100,"duplicate_acks":16,"database_errors":0,"server_crashes":1}
    pg_test.go:45: {"seed":390,"steps":97,"duplicate_acks":15,"database_errors":1,"server_crashes":0}
    pg_test.go:45: {"seed":391,"steps":133,"duplicate_acks":16,"database_errors":0,"server_crashes":1}
    pg_test.go:45: {"seed":392,"steps":105,"duplicate_acks":16,"database_errors":1,"server_crashes":0}
    pg_test.go:45: {"seed":393,"steps":124,"duplicate_acks":16,"database_errors":0,"server_crashes":1}
    pg_test.go:45: {"seed":394,"steps":103,"duplicate_acks":16,"database_errors":1,"server_crashes":0}
    pg_test.go:45: {"seed":395,"steps":67,"duplicate_acks":15,"database_errors":0,"server_crashes":1}
    pg_test.go:45: {"seed":396,"steps":111,"duplicate_acks":15,"database_errors":1,"server_crashes":0}
    pg_test.go:45: {"seed":397,"steps":99,"duplicate_acks":16,"database_errors":0,"server_crashes":1}
    pg_test.go:45: {"seed":398,"steps":128,"duplicate_acks":16,"database_errors":1,"server_crashes":0}
    pg_test.go:45: {"seed":399,"steps":88,"duplicate_acks":15,"database_errors":0,"server_crashes":1}
    pg_test.go:45: {"seed":400,"steps":74,"duplicate_acks":15,"database_errors":1,"server_crashes":0}
    pg_test.go:45: {"seed":401,"steps":125,"duplicate_acks":16,"database_errors":0,"server_crashes":1}
    pg_test.go:45: {"seed":402,"steps":105,"duplicate_acks":15,"database_errors":1,"server_crashes":0}
    pg_test.go:45: {"seed":403,"steps":92,"duplicate_acks":16,"database_errors":0,"server_crashes":1}
    pg_test.go:45: {"seed":404,"steps":114,"duplicate_acks":16,"database_errors":1,"server_crashes":0}
    pg_test.go:45: {"seed":405,"steps":76,"duplicate_acks":14,"database_errors":0,"server_crashes":1}
    pg_test.go:45: {"seed":406,"steps":112,"duplicate_acks":15,"database_errors":1,"server_crashes":0}
    pg_test.go:45: {"seed":407,"steps":114,"duplicate_acks":16,"database_errors":0,"server_crashes":1}
    pg_test.go:45: {"seed":408,"steps":81,"duplicate_acks":16,"database_errors":1,"server_crashes":0}
    pg_test.go:45: {"seed":409,"steps":105,"duplicate_acks":14,"database_errors":0,"server_crashes":1}
    pg_test.go:45: {"seed":410,"steps":117,"duplicate_acks":16,"database_errors":1,"server_crashes":0}
    pg_test.go:45: {"seed":411,"steps":114,"duplicate_acks":15,"database_errors":0,"server_crashes":1}
    pg_test.go:45: {"seed":412,"steps":138,"duplicate_acks":16,"database_errors":1,"server_crashes":0}
    pg_test.go:45: {"seed":413,"steps":94,"duplicate_acks":16,"database_errors":0,"server_crashes":1}
    pg_test.go:45: {"seed":414,"steps":121,"duplicate_acks":15,"database_errors":1,"server_crashes":0}
    pg_test.go:45: {"seed":415,"steps":143,"duplicate_acks":15,"database_errors":0,"server_crashes":1}
    pg_test.go:45: {"seed":416,"steps":99,"duplicate_acks":16,"database_errors":1,"server_crashes":0}
    pg_test.go:45: {"seed":417,"steps":105,"duplicate_acks":15,"database_errors":0,"server_crashes":1}
    pg_test.go:45: {"seed":418,"steps":123,"duplicate_acks":15,"database_errors":1,"server_crashes":0}
    pg_test.go:45: {"seed":419,"steps":111,"duplicate_acks":15,"database_errors":0,"server_crashes":1}
    pg_test.go:45: {"seed":420,"steps":138,"duplicate_acks":15,"database_errors":1,"server_crashes":0}
    pg_test.go:45: {"seed":421,"steps":78,"duplicate_acks":15,"database_errors":0,"server_crashes":1}
    pg_test.go:45: {"seed":422,"steps":83,"duplicate_acks":16,"database_errors":1,"server_crashes":0}
    pg_test.go:45: {"seed":423,"steps":94,"duplicate_acks":14,"database_errors":0,"server_crashes":1}
    pg_test.go:45: {"seed":424,"steps":139,"duplicate_acks":15,"database_errors":1,"server_crashes":0}
    pg_test.go:45: {"seed":425,"steps":105,"duplicate_acks":15,"database_errors":0,"server_crashes":1}
    pg_test.go:45: {"seed":426,"steps":115,"duplicate_acks":15,"database_errors":1,"server_crashes":0}
    pg_test.go:45: {"seed":427,"steps":91,"duplicate_acks":15,"database_errors":0,"server_crashes":1}
    pg_test.go:45: {"seed":428,"steps":126,"duplicate_acks":15,"database_errors":1,"server_crashes":0}
    pg_test.go:45: {"seed":429,"steps":101,"duplicate_acks":14,"database_errors":0,"server_crashes":1}
    pg_test.go:45: {"seed":430,"steps":125,"duplicate_acks":14,"database_errors":1,"server_crashes":0}
    pg_test.go:45: {"seed":431,"steps":128,"duplicate_acks":16,"database_errors":0,"server_crashes":1}
    pg_test.go:45: {"seed":432,"steps":74,"duplicate_acks":15,"database_errors":1,"server_crashes":0}
    pg_test.go:45: {"seed":433,"steps":109,"duplicate_acks":16,"database_errors":0,"server_crashes":1}
    pg_test.go:45: {"seed":434,"steps":93,"duplicate_acks":15,"database_errors":1,"server_crashes":0}
    pg_test.go:45: {"seed":435,"steps":76,"duplicate_acks":14,"database_errors":0,"server_crashes":1}
    pg_test.go:45: {"seed":436,"steps":78,"duplicate_acks":14,"database_errors":1,"server_crashes":0}
    pg_test.go:45: {"seed":437,"steps":102,"duplicate_acks":15,"database_errors":0,"server_crashes":1}
    pg_test.go:45: {"seed":438,"steps":96,"duplicate_acks":15,"database_errors":1,"server_crashes":0}
    pg_test.go:45: {"seed":439,"steps":87,"duplicate_acks":15,"database_errors":0,"server_crashes":1}
    pg_test.go:45: {"seed":440,"steps":99,"duplicate_acks":14,"database_errors":1,"server_crashes":0}
    pg_test.go:45: {"seed":441,"steps":85,"duplicate_acks":16,"database_errors":0,"server_crashes":1}
    pg_test.go:45: {"seed":442,"steps":130,"duplicate_acks":15,"database_errors":1,"server_crashes":0}
    pg_test.go:45: {"seed":443,"steps":118,"duplicate_acks":15,"database_errors":0,"server_crashes":1}
    pg_test.go:45: {"seed":444,"steps":93,"duplicate_acks":16,"database_errors":1,"server_crashes":0}
    pg_test.go:45: {"seed":445,"steps":94,"duplicate_acks":15,"database_errors":0,"server_crashes":1}
    pg_test.go:45: {"seed":446,"steps":100,"duplicate_acks":16,"database_errors":1,"server_crashes":0}
    pg_test.go:45: {"seed":447,"steps":89,"duplicate_acks":15,"database_errors":0,"server_crashes":1}
    pg_test.go:45: {"seed":448,"steps":77,"duplicate_acks":15,"database_errors":1,"server_crashes":0}
    pg_test.go:45: {"seed":449,"steps":102,"duplicate_acks":15,"database_errors":0,"server_crashes":1}
    pg_test.go:45: {"seed":450,"steps":109,"duplicate_acks":15,"database_errors":1,"server_crashes":0}
    pg_test.go:45: {"seed":451,"steps":135,"duplicate_acks":15,"database_errors":0,"server_crashes":1}
    pg_test.go:45: {"seed":452,"steps":140,"duplicate_acks":16,"database_errors":1,"server_crashes":0}
    pg_test.go:45: {"seed":453,"steps":125,"duplicate_acks":15,"database_errors":0,"server_crashes":1}
    pg_test.go:45: {"seed":454,"steps":107,"duplicate_acks":15,"database_errors":1,"server_crashes":0}
    pg_test.go:45: {"seed":455,"steps":167,"duplicate_acks":16,"database_errors":0,"server_crashes":1}
    pg_test.go:45: {"seed":456,"steps":89,"duplicate_acks":15,"database_errors":1,"server_crashes":0}
    pg_test.go:45: {"seed":457,"steps":118,"duplicate_acks":15,"database_errors":0,"server_crashes":1}
    pg_test.go:45: {"seed":458,"steps":72,"duplicate_acks":15,"database_errors":1,"server_crashes":0}
    pg_test.go:45: {"seed":459,"steps":181,"duplicate_acks":15,"database_errors":0,"server_crashes":1}
    pg_test.go:45: {"seed":460,"steps":128,"duplicate_acks":14,"database_errors":1,"server_crashes":0}
    pg_test.go:45: {"seed":461,"steps":106,"duplicate_acks":15,"database_errors":0,"server_crashes":1}
    pg_test.go:45: {"seed":462,"steps":115,"duplicate_acks":15,"database_errors":1,"server_crashes":0}
    pg_test.go:45: {"seed":463,"steps":78,"duplicate_acks":15,"database_errors":0,"server_crashes":1}
    pg_test.go:45: {"seed":464,"steps":103,"duplicate_acks":15,"database_errors":1,"server_crashes":0}
    pg_test.go:45: {"seed":465,"steps":109,"duplicate_acks":15,"database_errors":0,"server_crashes":1}
    pg_test.go:45: {"seed":466,"steps":98,"duplicate_acks":15,"database_errors":1,"server_crashes":0}
    pg_test.go:45: {"seed":467,"steps":90,"duplicate_acks":15,"database_errors":0,"server_crashes":1}
    pg_test.go:45: {"seed":468,"steps":103,"duplicate_acks":15,"database_errors":1,"server_crashes":0}
    pg_test.go:45: {"seed":469,"steps":125,"duplicate_acks":15,"database_errors":0,"server_crashes":1}
    pg_test.go:45: {"seed":470,"steps":96,"duplicate_acks":14,"database_errors":1,"server_crashes":0}
    pg_test.go:45: {"seed":471,"steps":88,"duplicate_acks":14,"database_errors":0,"server_crashes":1}
    pg_test.go:45: {"seed":472,"steps":91,"duplicate_acks":15,"database_errors":1,"server_crashes":0}
    pg_test.go:45: {"seed":473,"steps":92,"duplicate_acks":16,"database_errors":0,"server_crashes":1}
    pg_test.go:45: {"seed":474,"steps":124,"duplicate_acks":15,"database_errors":1,"server_crashes":0}
    pg_test.go:45: {"seed":475,"steps":108,"duplicate_acks":15,"database_errors":0,"server_crashes":1}
    pg_test.go:45: {"seed":476,"steps":90,"duplicate_acks":14,"database_errors":1,"server_crashes":0}
    pg_test.go:45: {"seed":477,"steps":106,"duplicate_acks":14,"database_errors":0,"server_crashes":1}
    pg_test.go:45: {"seed":478,"steps":159,"duplicate_acks":14,"database_errors":1,"server_crashes":0}
    pg_test.go:45: {"seed":479,"steps":137,"duplicate_acks":16,"database_errors":0,"server_crashes":1}
    pg_test.go:45: {"seed":480,"steps":98,"duplicate_acks":16,"database_errors":1,"server_crashes":0}
    pg_test.go:45: {"seed":481,"steps":138,"duplicate_acks":15,"database_errors":0,"server_crashes":1}
    pg_test.go:45: {"seed":482,"steps":151,"duplicate_acks":16,"database_errors":1,"server_crashes":0}
    pg_test.go:45: {"seed":483,"steps":106,"duplicate_acks":16,"database_errors":0,"server_crashes":1}
    pg_test.go:45: {"seed":484,"steps":80,"duplicate_acks":15,"database_errors":1,"server_crashes":0}
    pg_test.go:45: {"seed":485,"steps":123,"duplicate_acks":15,"database_errors":0,"server_crashes":1}
    pg_test.go:45: {"seed":486,"steps":150,"duplicate_acks":15,"database_errors":1,"server_crashes":0}
    pg_test.go:45: {"seed":487,"steps":102,"duplicate_acks":16,"database_errors":0,"server_crashes":1}
    pg_test.go:45: {"seed":488,"steps":129,"duplicate_acks":16,"database_errors":1,"server_crashes":0}
    pg_test.go:45: {"seed":489,"steps":72,"duplicate_acks":16,"database_errors":0,"server_crashes":1}
    pg_test.go:45: {"seed":490,"steps":131,"duplicate_acks":16,"database_errors":1,"server_crashes":0}
    pg_test.go:45: {"seed":491,"steps":79,"duplicate_acks":16,"database_errors":0,"server_crashes":1}
    pg_test.go:45: {"seed":492,"steps":115,"duplicate_acks":15,"database_errors":1,"server_crashes":0}
    pg_test.go:45: {"seed":493,"steps":108,"duplicate_acks":15,"database_errors":0,"server_crashes":1}
    pg_test.go:45: {"seed":494,"steps":88,"duplicate_acks":14,"database_errors":1,"server_crashes":0}
    pg_test.go:45: {"seed":495,"steps":125,"duplicate_acks":15,"database_errors":0,"server_crashes":1}
    pg_test.go:45: {"seed":496,"steps":122,"duplicate_acks":15,"database_errors":1,"server_crashes":0}
    pg_test.go:45: {"seed":497,"steps":102,"duplicate_acks":16,"database_errors":0,"server_crashes":1}
    pg_test.go:45: {"seed":498,"steps":81,"duplicate_acks":14,"database_errors":1,"server_crashes":0}
    pg_test.go:45: {"seed":499,"steps":162,"duplicate_acks":15,"database_errors":0,"server_crashes":1}
    pg_test.go:55: validated 500 PostgreSQL seeds; two shared-queue runs/seed; steps=53835 duplicate_acks=7589 database_errors=250 server_crashes=250 elapsed=5m34.384440667s
--- PASS: TestPostgresCampaign (334.48s)
PASS
ok  	github.com/Aly700/capstan/internal/lab	334.789s
Exit: 0
