Measured source SHA: 904cb6c41da4f57ac0399d1524989288e3ededb1
Checkout SHA: 8094a86a03481816ebcdf95beb8bc3f6d99c97d2
Changed one published throughput value from 96.7596 to 96.7597.
Command: python3 docs/evidence/raw/verify-numbers.py
PASS historical load: every table cell, range, percentile, CPU delta and lock observation
PASS historical archive: 604 hashes; lab aggregates, mutation seeds, gates and timing/control logs
LIMIT historical lab fault/step totals have emitted aggregate reports, not per-seed records
PASS image geometry/timing, recordings/cost arithmetic, source inventories and preserved audit measurements
PASS final gate, human wait, 16 ordered races, quickstart/browser and all FAILED-row resolutions
Traceback (most recent call last):
  File "/Users/affan/Projects/capstan--final/docs/evidence/raw/verify-numbers.py", line 558, in <module>
    main()
    ~~~~^^
  File "/Users/affan/Projects/capstan--final/docs/evidence/raw/verify-numbers.py", line 549, in main
    render.check_documents(output,mutations,write=args.write)
    ~~~~~~~~~~~~~~~~~~~~~~^^^^^^^^^^^^^^^^^^^^^^^^^^^^^^^^^^^
  File "/Users/affan/Projects/capstan--final/docs/evidence/raw/render-final.py", line 100, in check_documents
    replace_block(E/"load.md",section(load_text),write)
    ~~~~~~~~~~~~~^^^^^^^^^^^^^^^^^^^^^^^^^^^^^^^^^^^^^^
  File "/Users/affan/Projects/capstan--final/docs/evidence/raw/render-final.py", line 38, in replace_block
    assert updated==current, f"stale numeric section: {path}; run verify-numbers.py --write"
           ^^^^^^^^^^^^^^^^
AssertionError: stale numeric section: /Users/affan/Projects/capstan--final/docs/evidence/load.md; run verify-numbers.py --write
Expected rejection exit: 1
Original document restored in finally.
