{
  "check": "PASS",
  "date": "2026-09-28T15:27:12.238Z",
  "browser": "148.0.7778.168",
  "playwright": "1.64.0-alpha-1789764292000",
  "runs": 13,
  "checks": [
    "public assets",
    "JSON auth",
    "status and type filters",
    "paging",
    "collapsed payloads",
    "text-only injection",
    "blocked mismatch and resume command",
    "mobile overflow",
    "session-only key",
    "reload",
    "disconnect",
    "no key in URLs, bodies, DOM or logs",
    "same origin; no CORS preflight"
  ]
}
