buf generate
buf lint
go vet ./...
cd sdk && npx tsc --noEmit
go test -race -count=1 ./...
ok  	github.com/Aly700/capstan/cmd/capstan-load	1.200s
ok  	github.com/Aly700/capstan/cmd/capstan-server	2.380s
?   	github.com/Aly700/capstan/gen/capstan/v1	[no test files]
?   	github.com/Aly700/capstan/gen/capstan/v1/capstanv1connect	[no test files]
ok  	github.com/Aly700/capstan/internal/auth	1.442s
ok  	github.com/Aly700/capstan/internal/config	1.968s
ok  	github.com/Aly700/capstan/internal/engine	1.698s
ok  	github.com/Aly700/capstan/internal/gate	1.807s
ok  	github.com/Aly700/capstan/internal/server	2.169s
ok  	github.com/Aly700/capstan/internal/server/ui	2.266s
?   	github.com/Aly700/capstan/internal/store	[no test files]
ok  	github.com/Aly700/capstan/internal/store/memstore	2.690s
ok  	github.com/Aly700/capstan/internal/store/pgstore	9.595s
?   	github.com/Aly700/capstan/internal/store/storetest	[no test files]
ok  	github.com/Aly700/capstan/internal/testpg	3.188s
cd sdk && npx vitest run

 RUN  v5.0.2 /Users/affan/Projects/capstan--evidence/sdk

 ✓ test/types.test.ts > failure types > ApplicationFailure carries its type and retry flag 1ms
 ✓ test/types.test.ts > failure types > type defaults to the class name 0ms
 ✓ test/types.test.ts > failure types > ActivityFailure keeps the activity identity and the cause 0ms
 ✓ test/types.test.ts > failure types > HistoryMismatchError names the event and both sides 0ms
 ✓ test/replay-match.test.ts > conformance command comparison > matches scheduleActivity by exactly its identifying fields 2ms
 ✓ test/replay-match.test.ts > conformance command comparison > scheduleActivity compares seq and names the first recorded event 0ms
 ✓ test/replay-match.test.ts > conformance command comparison > scheduleActivity compares activityType and names the first recorded event 0ms
 ✓ test/replay-match.test.ts > conformance command comparison > matches requestActivityCancel by exactly its identifying fields 0ms
 ✓ test/replay-match.test.ts > conformance command comparison > requestActivityCancel compares seq and names the first recorded event 0ms
 ✓ test/replay-match.test.ts > conformance command comparison > matches startTimer by exactly its identifying fields 0ms
 ✓ test/replay-match.test.ts > conformance command comparison > startTimer compares seq and names the first recorded event 0ms
 ✓ test/replay-match.test.ts > conformance command comparison > matches cancelTimer by exactly its identifying fields 0ms
 ✓ test/replay-match.test.ts > conformance command comparison > cancelTimer compares seq and names the first recorded event 0ms
 ✓ test/replay-match.test.ts > conformance command comparison > matches recordMarker by exactly its identifying fields 0ms
 ✓ test/replay-match.test.ts > conformance command comparison > recordMarker compares seq and names the first recorded event 0ms
 ✓ test/replay-match.test.ts > conformance command comparison > recordMarker compares name and names the first recorded event 0ms
 ✓ test/replay-match.test.ts > conformance command comparison > recordMarker compares markerId and names the first recorded event 0ms
 ✓ test/replay-match.test.ts > conformance command comparison > matches requestApproval by exactly its identifying fields 0ms
 ✓ test/replay-match.test.ts > conformance command comparison > requestApproval compares seq and names the first recorded event 0ms
 ✓ test/replay-match.test.ts > conformance command comparison > requestApproval compares approvalId and names the first recorded event 0ms
 ✓ test/replay-match.test.ts > conformance command comparison > requestApproval compares source and names the first recorded event 0ms
 ✓ test/replay-match.test.ts > conformance command comparison > matches completeRun by exactly its identifying fields 0ms
 ✓ test/replay-match.test.ts > conformance command comparison > matches failRun by exactly its identifying fields 0ms
 ✓ test/replay-match.test.ts > conformance command comparison > matches cancelRun by exactly its identifying fields 0ms
 ✓ test/replay-match.test.ts > conformance command comparison > matches continueAsNew by exactly its identifying fields 0ms
 ✓ test/replay-match.test.ts > conformance command comparison > ignores activity input, queue, retry and all timeouts 0ms
 ✓ test/replay-match.test.ts > conformance command comparison > ignores closing results and timer durations 0ms
 ✓ test/replay-match.test.ts > conformance command comparison > rejects a removed command 0ms
 ✓ test/replay-match.test.ts > conformance command comparison > pins an extra command to the completed task when no recorded event exists 0ms
 ✓ test/replay-match.test.ts > conformance command comparison > rejects a changed command type 0ms
 ✓ test/fixtures/load.test.ts > conformance fixture language selection > loads shared and explicitly included fixtures for ts in filename order 2ms
 ✓ test/fixtures/load.test.ts > conformance fixture language selection > loads shared and explicitly included fixtures for go in filename order 0ms
 ✓ test/fixtures/load.test.ts > conformance fixture language selection > loads shared and explicitly included fixtures for another-language in filename order 1ms
 ✓ test/fixtures/load.test.ts > conformance fixture language selection > preserves the selected fixture's language metadata 1ms
 ✓ test/codecs.test.ts > payload codec > round trips JSON values including UTF-8 and null 1ms
 ✓ test/codecs.test.ts > payload codec > represents undefined by an absent payload 0ms
 ✓ test/codecs.test.ts > payload codec > rejects unsupported encodings and malformed JSON 1ms
 ✓ test/codecs.test.ts > duration codec > parses 0 0ms
 ✓ test/codecs.test.ts > duration codec > parses 1.5 0ms
 ✓ test/codecs.test.ts > duration codec > parses 250ms 0ms
 ✓ test/codecs.test.ts > duration codec > parses 1.5s 0ms
 ✓ test/codecs.test.ts > duration codec > parses 2m 0ms
 ✓ test/codecs.test.ts > duration codec > parses 2h 0ms
 ✓ test/codecs.test.ts > duration codec > parses 3d 0ms
 ✓ test/codecs.test.ts > duration codec > rejects -1 0ms
 ✓ test/codecs.test.ts > duration codec > rejects NaN 0ms
 ✓ test/codecs.test.ts > duration codec > rejects Infinity 0ms
 ✓ test/codecs.test.ts > duration codec > rejects -1s 0ms
 ✓ test/codecs.test.ts > duration codec > rejects 3w 0ms
 ✓ test/codecs.test.ts > duration codec > rejects 1 s 0ms
 ✓ test/codecs.test.ts > duration codec > rejects  0ms
 ✓ test/codecs.test.ts > duration codec > rejects x 0ms
 ✓ test/codecs.test.ts > duration codec > rejects Infinitys 0ms
 ✓ test/codecs.test.ts > duration codec > rejects 1e999s 0ms
 ✓ test/codecs.test.ts > duration codec > encodes seconds and nanoseconds without losing sub-millisecond precision 0ms
 ✓ test/codecs.test.ts > failure codec > round trips typed application failures and their JSON details 0ms
 ✓ test/codecs.test.ts > failure codec > round trips an ActivityFailure with an ApplicationFailure cause 0ms
 ✓ test/codecs.test.ts > failure codec > round trips timeout and cancellation classes 0ms
 ✓ test/codecs.test.ts > failure codec > bounds nested and cyclic causes at ten failures 0ms
 ✓ test/codecs.test.ts > failure codec > omits stacks by default and keeps them only on explicit opt-in 1ms
 ✓ test/codecs.test.ts > failure codec > normalizes thrown primitives and errors from another realm 0ms
 ✓ test/fixtures/build.test.ts > fixture builder > links task completions and activity results with gap-free event ids 4ms
 ✓ test/fixtures/build.test.ts > fixture builder > records empty completed and discarded activations without command events 1ms
 ✓ test/fixtures/build.test.ts > fixture builder > discards timed-out activations without a TaskCompleted 0ms
 ✓ test/fixtures/build.test.ts > fixture builder > requires a final TaskStarted and known operation references 0ms
 ✓ test/fixtures/build.test.ts > conformance corpus structure > contains at least 24 additional fixtures 0ms
 ✓ test/fixtures/build.test.ts > conformance corpus structure > shares the reviewed signal clock, patch memoization, and batched race edges 0ms
 ✓ test/fixtures/build.test.ts > conformance corpus structure > marks only the batched race fixture as TypeScript-specific 6ms
 ✓ test/fixtures/build.test.ts > conformance corpus structure > 001-single-activity.json is valid protojson with gap-free history and a current activation 0ms
 ✓ test/fixtures/build.test.ts > conformance corpus structure > 002-parallel-out-of-order.json is valid protojson with gap-free history and a current activation 0ms
 ✓ test/fixtures/build.test.ts > conformance corpus structure > 003-failure-caught-retry.json is valid protojson with gap-free history and a current activation 0ms
 ✓ test/fixtures/build.test.ts > conformance corpus structure > 004-sleep-starts.json is valid protojson with gap-free history and a current activation 0ms
 ✓ test/fixtures/build.test.ts > conformance corpus structure > 005-sleep-fires.json is valid protojson with gap-free history and a current activation 0ms
 ✓ test/fixtures/build.test.ts > conformance corpus structure > 006-race-activity-wins.json is valid protojson with gap-free history and a current activation 0ms
 ✓ test/fixtures/build.test.ts > conformance corpus structure > 007-race-timer-wins.json is valid protojson with gap-free history and a current activation 0ms
 ✓ test/fixtures/build.test.ts > conformance corpus structure > 008-condition-already-true.json is valid protojson with gap-free history and a current activation 0ms
 ✓ test/fixtures/build.test.ts > conformance corpus structure > 009-condition-signal.json is valid protojson with gap-free history and a current activation 0ms
 ✓ test/fixtures/build.test.ts > conformance corpus structure > 010-condition-timeout.json is valid protojson with gap-free history and a current activation 0ms
 ✓ test/fixtures/build.test.ts > conformance corpus structure > 011-condition-cancels-timer.json is valid protojson with gap-free history and a current activation 0ms
 ✓ test/fixtures/build.test.ts > conformance corpus structure > 012-signal-before-registration.json is valid protojson with gap-free history and a current activation 0ms
 ✓ test/fixtures/build.test.ts > conformance corpus structure > 013-handler-history-order.json is valid protojson with gap-free history and a current activation 0ms
 ✓ test/fixtures/build.test.ts > conformance corpus structure > 014-next-signal-fifo.json is valid protojson with gap-free history and a current activation 0ms
 ✓ test/fixtures/build.test.ts > conformance corpus structure > 015-side-effect-recorded.json is valid protojson with gap-free history and a current activation 0ms
 ✓ test/fixtures/build.test.ts > conformance corpus structure > 016-uuid-recorded.json is valid protojson with gap-free history and a current activation 0ms
 ✓ test/fixtures/build.test.ts > conformance corpus structure > 017-patch-new.json is valid protojson with gap-free history and a current activation 0ms
 ✓ test/fixtures/build.test.ts > conformance corpus structure > 018-patch-old.json is valid protojson with gap-free history and a current activation 0ms
 ✓ test/fixtures/build.test.ts > conformance corpus structure > 019-deprecate-historical-patch.json is valid protojson with gap-free history and a current activation 0ms
 ✓ test/fixtures/build.test.ts > conformance corpus structure > 020-deprecate-new.json is valid protojson with gap-free history and a current activation 0ms
 ✓ test/fixtures/build.test.ts > conformance corpus structure > 021-random-stable.json is valid protojson with gap-free history and a current activation 0ms
 ✓ test/fixtures/build.test.ts > conformance corpus structure > 022-activation-time.json is valid protojson with gap-free history and a current activation 0ms
 ✓ test/fixtures/build.test.ts > conformance corpus structure > 023-cancel-pending-sleep.json is valid protojson with gap-free history and a current activation 0ms
 ✓ test/fixtures/build.test.ts > conformance corpus structure > 024-continue-as-new.json is valid protojson with gap-free history and a current activation 0ms
 ✓ test/fixtures/build.test.ts > conformance corpus structure > 025-discarded-activation.json is valid protojson with gap-free history and a current activation 0ms
 ✓ test/fixtures/build.test.ts > conformance corpus structure > 026-blocked-resumed-patch.json is valid protojson with gap-free history and a current activation 0ms
 ✓ test/fixtures/build.test.ts > conformance corpus structure > 027-stray-fired-after-cancel.json is valid protojson with gap-free history and a current activation 0ms
 ✓ test/fixtures/build.test.ts > conformance corpus structure > 028-mismatch-activity-type.json is valid protojson with gap-free history and a current activation 0ms
 ✓ test/fixtures/build.test.ts > conformance corpus structure > 029-mismatch-command-removed.json is valid protojson with gap-free history and a current activation 0ms
 ✓ test/fixtures/build.test.ts > conformance corpus structure > 030-mismatch-command-added.json is valid protojson with gap-free history and a current activation 0ms
 ✓ test/fixtures/build.test.ts > conformance corpus structure > 031-mismatch-seq-reordered.json is valid protojson with gap-free history and a current activation 0ms
 ✓ test/fixtures/build.test.ts > conformance corpus structure > 032-mismatch-marker-name.json is valid protojson with gap-free history and a current activation 0ms
 ✓ test/fixtures/build.test.ts > conformance corpus structure > 033-mismatch-marker-id.json is valid protojson with gap-free history and a current activation 0ms
 ✓ test/fixtures/build.test.ts > conformance corpus structure > 034-mismatch-marker-seq.json is valid protojson with gap-free history and a current activation 0ms
 ✓ test/fixtures/build.test.ts > conformance corpus structure > 035-mismatch-timer-seq.json is valid protojson with gap-free history and a current activation 0ms
 ✓ test/fixtures/build.test.ts > conformance corpus structure > 036-mismatch-command-type.json is valid protojson with gap-free history and a current activation 0ms
 ✓ test/fixtures/build.test.ts > conformance corpus structure > 037-approval-resolved.json is valid protojson with gap-free history and a current activation 1ms
 ✓ test/fixtures/build.test.ts > conformance corpus structure > 038-mismatch-approval-id.json is valid protojson with gap-free history and a current activation 0ms
 ✓ test/fixtures/build.test.ts > conformance corpus structure > 039-mismatch-approval-source.json is valid protojson with gap-free history and a current activation 0ms
 ✓ test/fixtures/build.test.ts > conformance corpus structure > 040-mismatch-approval-seq.json is valid protojson with gap-free history and a current activation 0ms
 ✓ test/fixtures/build.test.ts > conformance corpus structure > 041-activity-timeout.json is valid protojson with gap-free history and a current activation 0ms
 ✓ test/fixtures/build.test.ts > conformance corpus structure > 042-activity-cancelled.json is valid protojson with gap-free history and a current activation 0ms
 ✓ test/fixtures/build.test.ts > conformance corpus structure > 043-activity-failure-cause.json is valid protojson with gap-free history and a current activation 0ms
 ✓ test/fixtures/build.test.ts > conformance corpus structure > 044-nested-promise-drain.json is valid protojson with gap-free history and a current activation 0ms
 ✓ test/fixtures/build.test.ts > conformance corpus structure > 045-async-handler-drain.json is valid protojson with gap-free history and a current activation 0ms
 ✓ test/fixtures/build.test.ts > conformance corpus structure > 046-input-duration-not-compared.json is valid protojson with gap-free history and a current activation 0ms
 ✓ test/fixtures/build.test.ts > conformance corpus structure > 047-timer-duration-not-compared.json is valid protojson with gap-free history and a current activation 0ms
 ✓ test/fixtures/build.test.ts > conformance corpus structure > 048-mismatch-command-missing.json is valid protojson with gap-free history and a current activation 0ms
 ✓ test/fixtures/build.test.ts > conformance corpus structure > 049-mismatch-cancel-timer-seq.json is valid protojson with gap-free history and a current activation 0ms
 ✓ test/fixtures/build.test.ts > conformance corpus structure > 050-discarded-task-timeout.json is valid protojson with gap-free history and a current activation 0ms
 ✓ test/fixtures/build.test.ts > conformance corpus structure > 051-side-effect-new.json is valid protojson with gap-free history and a current activation 0ms
 ✓ test/fixtures/build.test.ts > conformance corpus structure > 052-signal-handler-current-clock.json is valid protojson with gap-free history and a current activation 0ms
 ✓ test/fixtures/build.test.ts > conformance corpus structure > 053-patch-false-memoized.json is valid protojson with gap-free history and a current activation 0ms
 ✓ test/fixtures/build.test.ts > conformance corpus structure > 054-race-batched-native-order.json is valid protojson with gap-free history and a current activation 0ms
 ✓ test/replay-review.test.ts > independent replay contract regressions > reports the first mismatch even when a later marker eagerly detects another 6ms
 ✓ test/replay-review.test.ts > independent replay contract regressions > fails closed when a caught side effect has no recordable result: callback throws undefined 1ms
 ✓ test/replay-review.test.ts > independent replay contract regressions > fails closed when a caught side effect has no recordable result: callback emits a command 2ms
 ✓ test/replay-review.test.ts > independent replay contract regressions > fails closed when a caught side effect has no recordable result: callback throws 2ms
 ✓ test/replay-review.test.ts > independent replay contract regressions > fails closed when a caught side effect has no recordable result: BigInt result 2ms
 ✓ test/replay-review.test.ts > independent replay contract regressions > fails closed when a caught side effect has no recordable result: circular result 5ms
 ✓ test/replay-review.test.ts > independent replay contract regressions > sets the current TaskStarted time before a synchronous signal handler runs 2ms
 ✓ test/replay-review.test.ts > independent replay contract regressions > sets the current clock before evaluating a condition after a signal 2ms
 ✓ test/replay-review.test.ts > independent replay contract regressions > memoizes an old-run false patch decision across later activations 2ms
 ✓ test/client.test.ts > client over scripted Connect > starts with encoded input and timeouts and maps every description field 17ms
 ✓ test/client.test.ts > client over scripted Connect > sends signal dedupe keys, lifecycle reasons and approval decisions 9ms
 ✓ test/client.test.ts > client over scripted Connect > maps closed descriptions, payloads, failures and continuation ids 2ms
 ✓ test/client.test.ts > client over scripted Connect > repeats AwaitRun until closed, including blocked results, and returns the failed description 4ms
 ✓ test/client.test.ts > client over scripted Connect > applies an overall result deadline across repeated long polls 42ms
 ✓ test/client.test.ts > client over scripted Connect > propagates server failures and rejects missing run information 3ms
 ✓ test/conformance.test.ts > shared conformance corpus > 001-single-activity.json: one activity, then complete 6ms
 ✓ test/conformance.test.ts > shared conformance corpus > 002-parallel-out-of-order.json: parallel out of order 2ms
 ✓ test/conformance.test.ts > shared conformance corpus > 003-failure-caught-retry.json: failure caught retry 2ms
 ✓ test/conformance.test.ts > shared conformance corpus > 004-sleep-starts.json: sleep starts 1ms
 ✓ test/conformance.test.ts > shared conformance corpus > 005-sleep-fires.json: sleep fires 2ms
 ✓ test/conformance.test.ts > shared conformance corpus > 006-race-activity-wins.json: race activity wins 1ms
 ✓ test/conformance.test.ts > shared conformance corpus > 007-race-timer-wins.json: race timer wins 2ms
 ✓ test/conformance.test.ts > shared conformance corpus > 008-condition-already-true.json: condition already true 2ms
 ✓ test/conformance.test.ts > shared conformance corpus > 009-condition-signal.json: condition signal 2ms
 ✓ test/conformance.test.ts > shared conformance corpus > 010-condition-timeout.json: condition timeout 2ms
 ✓ test/conformance.test.ts > shared conformance corpus > 011-condition-cancels-timer.json: condition cancels timer 2ms
 ✓ test/conformance.test.ts > shared conformance corpus > 012-signal-before-registration.json: signal before registration 1ms
 ✓ test/conformance.test.ts > shared conformance corpus > 013-handler-history-order.json: handler history order 1ms
 ✓ test/conformance.test.ts > shared conformance corpus > 014-next-signal-fifo.json: next signal fifo 1ms
 ✓ test/conformance.test.ts > shared conformance corpus > 015-side-effect-recorded.json: side effect recorded 2ms
 ✓ test/conformance.test.ts > shared conformance corpus > 016-uuid-recorded.json: uuid recorded 2ms
 ✓ test/conformance.test.ts > shared conformance corpus > 017-patch-new.json: patch new 2ms
 ✓ test/conformance.test.ts > shared conformance corpus > 018-patch-old.json: patch old 2ms
 ✓ test/conformance.test.ts > shared conformance corpus > 019-deprecate-historical-patch.json: deprecate historical patch 1ms
 ✓ test/conformance.test.ts > shared conformance corpus > 020-deprecate-new.json: deprecate new 1ms
 ✓ test/conformance.test.ts > shared conformance corpus > 021-random-stable.json: random stable 1ms
 ✓ test/conformance.test.ts > shared conformance corpus > 022-activation-time.json: activation time 1ms
 ✓ test/conformance.test.ts > shared conformance corpus > 023-cancel-pending-sleep.json: cancel pending sleep 1ms
 ✓ test/conformance.test.ts > shared conformance corpus > 024-continue-as-new.json: continue as new 1ms
 ✓ test/conformance.test.ts > shared conformance corpus > 025-discarded-activation.json: discarded activation 2ms
 ✓ test/conformance.test.ts > shared conformance corpus > 026-blocked-resumed-patch.json: blocked resumed patch 2ms
 ✓ test/conformance.test.ts > shared conformance corpus > 027-stray-fired-after-cancel.json: stray fired after cancel 2ms
 ✓ test/conformance.test.ts > shared conformance corpus > 028-mismatch-activity-type.json: mismatch activity type 2ms
 ✓ test/conformance.test.ts > shared conformance corpus > 029-mismatch-command-removed.json: mismatch command removed 1ms
 ✓ test/conformance.test.ts > shared conformance corpus > 030-mismatch-command-added.json: mismatch command added 2ms
 ✓ test/conformance.test.ts > shared conformance corpus > 031-mismatch-seq-reordered.json: mismatch seq reordered 2ms
 ✓ test/conformance.test.ts > shared conformance corpus > 032-mismatch-marker-name.json: mismatch marker name 1ms
 ✓ test/conformance.test.ts > shared conformance corpus > 033-mismatch-marker-id.json: mismatch marker id 1ms
 ✓ test/conformance.test.ts > shared conformance corpus > 034-mismatch-marker-seq.json: mismatch marker seq 2ms
 ✓ test/conformance.test.ts > shared conformance corpus > 035-mismatch-timer-seq.json: mismatch timer seq 1ms
 ✓ test/conformance.test.ts > shared conformance corpus > 036-mismatch-command-type.json: mismatch command type 1ms
 ✓ test/conformance.test.ts > shared conformance corpus > 037-approval-resolved.json: approval resolved 2ms
 ✓ test/conformance.test.ts > shared conformance corpus > 038-mismatch-approval-id.json: mismatch approval id 1ms
 ✓ test/conformance.test.ts > shared conformance corpus > 039-mismatch-approval-source.json: mismatch approval source 1ms
 ✓ test/conformance.test.ts > shared conformance corpus > 040-mismatch-approval-seq.json: mismatch approval seq 1ms
 ✓ test/conformance.test.ts > shared conformance corpus > 041-activity-timeout.json: activity timeout 2ms
 ✓ test/conformance.test.ts > shared conformance corpus > 042-activity-cancelled.json: activity cancelled 2ms
 ✓ test/conformance.test.ts > shared conformance corpus > 043-activity-failure-cause.json: activity failure cause 1ms
 ✓ test/conformance.test.ts > shared conformance corpus > 044-nested-promise-drain.json: nested promise drain 2ms
 ✓ test/conformance.test.ts > shared conformance corpus > 045-async-handler-drain.json: async handler drain 2ms
 ✓ test/conformance.test.ts > shared conformance corpus > 046-input-duration-not-compared.json: input duration not compared 1ms
 ✓ test/conformance.test.ts > shared conformance corpus > 047-timer-duration-not-compared.json: timer duration not compared 1ms
 ✓ test/conformance.test.ts > shared conformance corpus > 048-mismatch-command-missing.json: mismatch command missing 1ms
 ✓ test/conformance.test.ts > shared conformance corpus > 049-mismatch-cancel-timer-seq.json: mismatch cancel timer seq 2ms
 ✓ test/conformance.test.ts > shared conformance corpus > 050-discarded-task-timeout.json: discarded task timeout 1ms
 ✓ test/conformance.test.ts > shared conformance corpus > 051-side-effect-new.json: side effect new 1ms
 ✓ test/conformance.test.ts > shared conformance corpus > 052-signal-handler-current-clock.json: signal handler current clock 1ms
 ✓ test/conformance.test.ts > shared conformance corpus > 053-patch-false-memoized.json: patch false memoized 2ms
 ✓ test/conformance.test.ts > shared conformance corpus > 054-race-batched-native-order.json: race batched native order 3ms
 ✓ test/worker.test.ts > worker over scripted h2c Connect > runs an activity with isolated context, auth and a 35 second poll deadline 73ms
 ✓ test/worker.test.ts > worker over scripted h2c Connect > preserves typed activity failure and rejects an unregistered activity without retry 59ms
 ✓ test/cli.test.ts > capstan launcher commands > start sends the workflow, run, queue and JSON input and prints its result 175ms
 ✓ test/cli.test.ts > capstan launcher commands > describe prints the run's status and cost 146ms
 ✓ test/cli.test.ts > capstan launcher commands > history paginates and renders all events (JSON=false) 122ms
 ✓ test/cli.test.ts > capstan launcher commands > history paginates and renders all events (JSON=true) 120ms
 ✓ test/cli.test.ts > capstan launcher commands > signal sends its name and input 128ms
 ✓ test/cli.test.ts > capstan launcher commands > cancel sends its run and optional reason 128ms
 ✓ test/replay.test.ts > replay activation runtime > completes plain workflow returns 5ms
 ✓ test/replay.test.ts > replay activation runtime > allocates activity seq at call time inside Promise.all 3ms
 ✓ test/replay.test.ts > replay activation runtime > drains nested async functions through Promise.all 3ms
 ✓ test/replay.test.ts > replay activation runtime > Promise.race resolves in external history order 2ms
 ✓ test/replay.test.ts > replay activation runtime > batched events retain native Promise.race continuation ordering 2ms
 ✓ test/replay.test.ts > replay activation runtime > awaiting signal handler resumes and condition observes its mutation 2ms
 ✓ test/replay.test.ts > replay activation runtime > handler can await an activity and emit a later command 2ms
 ✓ test/replay.test.ts > replay activation runtime > sets workflow time before promise continuations and skips discarded time 2ms
 ✓ test/replay.test.ts > replay activation runtime > unknown or duplicate activity results are SDK errors 2ms
 ✓ test/replay.test.ts > replay activation runtime > unknown timer fires are SDK errors 1ms
 ✓ test/replay.test.ts > replay activation runtime > cancellation rejects pending sleep and emits CancelRun 2ms
 ✓ test/replay.test.ts > replay activation runtime > uses recorded side effects without calling the callback 2ms
 ✓ test/replay.test.ts > replay activation runtime > does not invoke a side effect if its historical marker identity mismatches 1ms
 ✓ test/replay.test.ts > replay activation runtime > reports the first mismatch even when a later marker also differs 2ms
 ✓ test/replay.test.ts > replay activation runtime > queueMicrotask exceptions fail the task without escaping to the worker 1ms
 ✓ test/replay.test.ts > replay activation runtime > missing workflow exports fail the task as an SDK error 1ms
 ✓ test/cli.test.ts > capstan launcher commands > resume sends its run and optional reason 120ms
 ✓ test/sandbox.test.ts > sandbox > rejects forbidden global fetch with author guidance 3ms
 ✓ test/sandbox.test.ts > sandbox > rejects forbidden global setTimeout with author guidance 1ms
 ✓ test/sandbox.test.ts > sandbox > rejects forbidden global setInterval with author guidance 1ms
 ✓ test/sandbox.test.ts > sandbox > rejects forbidden global setImmediate with author guidance 1ms
 ✓ test/sandbox.test.ts > sandbox > rejects forbidden global process with author guidance 1ms
 ✓ test/sandbox.test.ts > sandbox > rejects forbidden global require with author guidance 1ms
 ✓ test/sandbox.test.ts > sandbox > rejects forbidden global WebAssembly with author guidance 1ms
 ✓ test/sandbox.test.ts > sandbox > rejects forbidden global SharedArrayBuffer with author guidance 1ms
 ✓ test/sandbox.test.ts > sandbox > rejects forbidden global Atomics with author guidance 2ms
 ✓ test/sandbox.test.ts > sandbox > rejects forbidden global Buffer with author guidance 1ms
 ✓ test/sandbox.test.ts > sandbox > rejects forbidden global performance with author guidance 1ms
 ✓ test/sandbox.test.ts > sandbox > rejects forbidden global crypto with author guidance 2ms
 ✓ test/sandbox.test.ts > sandbox > rejects forbidden global Intl with author guidance 1ms
 ✓ test/sandbox.test.ts > sandbox > rejects forbidden global eval with author guidance 2ms
 ✓ test/sandbox.test.ts > sandbox > uses workflow time and randomness without native Date escape paths 4ms
 ✓ test/sandbox.test.ts > sandbox > creates a fresh global and intrinsic graph for every workflow 2ms
 ✓ test/sandbox.test.ts > sandbox > prevents string compilation and host constructor escape: Function('return 1')() 1ms
 ✓ test/sandbox.test.ts > sandbox > prevents string compilation and host constructor escape: ({}).constructor.constructor('return process')() 1ms
 ✓ test/sandbox.test.ts > sandbox > prevents string compilation and host constructor escape: globalThis.constructor.constructor('return process')() 1ms
 ✓ test/sandbox.test.ts > sandbox > prevents string compilation and host constructor escape: Math.random.constructor('return process')() 1ms
 ✓ test/sandbox.test.ts > sandbox > prevents string compilation and host constructor escape: console.log.constructor('return process')() 1ms
 ✓ test/sandbox.test.ts > sandbox > prevents string compilation and host constructor escape: TextEncoder.constructor('return process')() 1ms
 ✓ test/sandbox.test.ts > sandbox > prevents string compilation and host constructor escape: queueMicrotask.constructor('return process')() 1ms
 ✓ test/sandbox.test.ts > sandbox > prevents string compilation and host constructor escape: Symbol.for('capstan.workflow.runtime') && globalThis[Symbol.for('capstan.workflow.runtime')].activity.constructor('return process')() 1ms
 ✓ test/sandbox.test.ts > sandbox > provides realm-native text codecs, cloning and microtasks 2ms
 ✓ test/sandbox.test.ts > sandbox > logs through the runtime only when not replaying 2ms
 ✓ test/sandbox.test.ts > sandbox > bundles the SDK API into the VM and erases activity type imports 16ms
 ✓ test/sandbox.test.ts > sandbox > rejects Node builtin imports with the import named 8ms
 ✓ test/sandbox.test.ts > sandbox > invalidates cached output when a workflow dependency changes 12ms
 ✓ test/sandbox.test.ts > sandbox > keeps host input, runtime objects and promises outside the realm 1ms
 ✓ test/sandbox.test.ts > sandbox > rehydrates failure subclasses and their causes inside the bundle realm 5ms
 ✓ test/sandbox.test.ts > sandbox > passes handler promises to the runtime without exposing host payloads 6ms
 ✓ test/sandbox.test.ts > sandbox > does not expose host failures or their nested details 1ms
 ✓ test/sandbox.test.ts > sandbox > synchronously invokes predicates and later settles their realm promise 1ms
 ✓ test/sandbox.test.ts > sandbox > calls proxies immediately in call order and does not behave like a thenable 1ms
 ✓ test/sandbox.test.ts > sandbox > preserves undefined inputs at the host boundary 1ms
 ✓ test/sandbox.test.ts > sandbox > recreates standard host errors using realm-native error constructors 1ms
 ✓ test/sandbox.test.ts > sandbox > rejects synchronous infinite loops during workflow invocation 1002ms
 ✓ test/sandbox.test.ts > sandbox > reports detached microtask failures to the replay runtime: queueMicrotask(() => { throw new Error('microtask failed'); }) 1ms
 ✓ test/sandbox.test.ts > sandbox > reports detached microtask failures to the replay runtime: queueMicrotask(async () => { await Promise.resolve(); throw new Error('microtask failed'); }) 1ms
 ✓ test/cli.test.ts > capstan launcher commands > approve sends the approval choice, note and resolver 125ms
 ✓ test/replay.test.ts > replay activation runtime > synchronous workflow execution is bounded and fails the task 1003ms
 ✓ test/replay.test.ts > replay activation runtime > disabled code generation fails the task as a sandbox error 1ms
 ✓ test/replay.test.ts > replay activation runtime > workflow errors become FailRun and sandbox errors remain SDK errors 3ms
 ✓ test/replay.test.ts > replay activation runtime > continueAsNew wins even if user catches its control signal 1ms
 ✓ test/replay.test.ts > replay activation runtime > replays a closed history without returning already recorded commands 1ms
 ✓ test/replay.test.ts > replay activation runtime > replays a 5,000-event history in under 2 seconds 126ms
 ✓ test/cli.test.ts > capstan launcher commands > deny sends the approval choice, note and resolver 109ms
 ✓ test/e2e.test.ts > end to end on the real server > runs singleActivity to completion 400ms
 ✓ test/cli.test.ts > capstan launcher commands > list sends status filter and follows every page 134ms
 ✓ test/cli.test.ts > capstan launcher commands > replay prints OK for a matching history 126ms
 ✓ test/worker.test.ts > worker over scripted h2c Connect > throttles heartbeat RPCs to one second and sends the latest details 1321ms
 ✓ test/worker.test.ts > worker over scripted h2c Connect > aborts the activity signal when the server requests cancellation 55ms
 ✓ test/cli.test.ts > capstan launcher commands > replay exits 3 and names the first mismatch 134ms
 ✓ test/worker.test.ts > worker over scripted h2c Connect > aborts and reports local start-to-close expiry even when the function ignores abort 108ms
 ✓ test/cli.test.ts > capstan launcher commands > invalid usage exits 1: undefined 92ms
 ✓ test/cli.test.ts > capstan launcher commands > invalid usage exits 1: "unknown" 97ms
 ✓ test/worker.test.ts > worker over scripted h2c Connect > honours the original server start time for an already expired attempt 56ms
 ✓ test/worker.test.ts > worker over scripted h2c Connect > does not execute synchronous activity effects after its server deadline 56ms
 ✓ test/worker.test.ts > worker over scripted h2c Connect > reports malformed heartbeat details as an attempt failure 56ms
 ✓ test/cli.test.ts > capstan launcher commands > invalid usage exits 1: "start" 99ms
 ✓ test/worker.test.ts > worker over scripted h2c Connect > cancels an in-flight heartbeat RPC once its activity completes 106ms
 ✓ test/worker.test.ts > worker over scripted h2c Connect > does not truncate activity timeouts longer than the native timer range 55ms
 ✓ test/cli.test.ts > capstan launcher commands > invalid usage exits 1: "signal" 108ms
 ✓ test/cli.test.ts > capstan launcher commands > invalid usage exits 1: "list" 102ms
 ✓ test/cli.test.ts > capstan launcher commands > invalid usage exits 1: "cancel" 99ms
 ✓ test/worker.test.ts > worker over scripted h2c Connect > does not truncate long heartbeat throttle intervals to one millisecond 105ms
 ✓ test/cli.test.ts > capstan launcher commands > server errors exit 2 with an actionable error 105ms
 ✓ test/worker.test.ts > worker over scripted h2c Connect > honours activity concurrency and keeps AsyncLocalStorage contexts separate 105ms
 ✓ test/worker.test.ts > worker over scripted h2c Connect > honours workflow concurrency through the completion RPC 107ms
 ✓ test/worker.test.ts > worker over scripted h2c Connect > drops stale completion without reporting an activity failure 55ms
 ✓ test/worker.test.ts > worker over scripted h2c Connect > backs off poll errors before retrying 306ms
 ✓ test/worker.test.ts > worker over scripted h2c Connect > lets active work finish during shutdown and cancels outstanding polls 126ms
 ✓ test/worker.test.ts > worker over scripted h2c Connect > aborts remaining work after shutdown grace without waiting forever 85ms
 ✓ test/worker.test.ts > worker over scripted h2c Connect > round trips a workflow task with commands, token, identity and build id 56ms
 ✓ test/worker.test.ts > worker over scripted h2c Connect > reports replay mismatch as HISTORY_MISMATCH 55ms
 ✓ test/worker.test.ts > worker over scripted h2c Connect > classifies workflow outcome for throwsApplication 55ms
 ✓ test/worker.test.ts > worker over scripted h2c Connect > classifies workflow outcome for forbidden 56ms
 ✓ test/e2e.test.ts > end to end on the real server > finishes a run whose worker is killed mid-activity, with one completion 11843ms

 Test Files  13 passed (13)
      Tests  295 passed (295)
   Start at  11:40:29
   Duration  13.53s (tests 94%, transform 4%, import 2%)

